TLC2 Version 2.19 of 08 August 2024 (rev: 5a47802)
Running breadth-first search Model-Checking with fp 92 and seed -6086012429787461022 with 8 workers on 16 cores with 7127MB heap and 64MB offheap memory [pid: 41273] (Linux 6.6.87.2-microsoft-standard-WSL2 amd64, Amazon.com Inc. 25.0.2 x86_64, MSBDiskFPSet, DiskStateQueue).
Parsing file /home/rchilaka/ROpenSearch/specs/tla/MC_PendingRestart.tla
Parsing file /home/rchilaka/ROpenSearch/specs/tla/MC_L1.tla
Parsing file /home/rchilaka/ROpenSearch/specs/tla/Invariants.tla
Parsing file /home/rchilaka/ROpenSearch/specs/tla/Faults.tla
Parsing file /home/rchilaka/ROpenSearch/specs/tla/PeerRecovery.tla
Parsing file /home/rchilaka/ROpenSearch/specs/tla/ShardReplication.tla
Parsing file /home/rchilaka/ROpenSearch/specs/tla/RaftLog.tla
Parsing file /tmp/ferrissearch-tla.CLlrai/pending-restart-legacy/java-tmp/Naturals.tla
Parsing file /tmp/ferrissearch-tla.CLlrai/pending-restart-legacy/java-tmp/Sequences.tla
Parsing file /tmp/ferrissearch-tla.CLlrai/pending-restart-legacy/java-tmp/FiniteSets.tla
Parsing file /tmp/ferrissearch-tla.CLlrai/pending-restart-legacy/java-tmp/TLC.tla
Semantic processing of module Naturals
Semantic processing of module Sequences
Semantic processing of module FiniteSets
Semantic processing of module TLC
Semantic processing of module RaftLog
Semantic processing of module ShardReplication
Semantic processing of module PeerRecovery
Semantic processing of module Faults
Semantic processing of module Invariants
Semantic processing of module MC_L1
Semantic processing of module MC_PendingRestart
Starting... (2026-09-27 07:32:11)
Computing initial states...
Finished computing initial states: 1 distinct state generated at 2026-09-27 07:32:12.
Error: Invariant NoPartialServe is violated.
Error: The behavior up to this point is:
State 1: <Initial predicate>
/\ pendingRaft = {}
/\ raftVoters = {n1, n2}
/\ docValue = (n1 :> (d1 :> 0) @@ n2 :> (d1 :> 0))
/\ sessionBumpSubmitted = (n1 :> FALSE @@ n2 :> FALSE)
/\ copyAllocation = (n1 :> 1 @@ n2 :> 1)
/\ sessionHead = (n1 :> 0 @@ n2 :> 0)
/\ admissionSafe = TRUE
/\ nextSeq = (n1 :> 0 @@ n2 :> 0)
/\ writeKind = <<"Put">>
/\ writeEpoch = <<0>>
/\ staleApplySafe = TRUE
/\ raftLeader = n1
/\ sessionSourceEpoch = (n1 :> 0 @@ n2 :> 0)
/\ applied = (n1 :> 0 @@ n2 :> 0)
/\ installMarker = (n1 :> FALSE @@ n2 :> FALSE)
/\ pendingTerm = (n1 :> 0 @@ n2 :> 0)
/\ authoritativeWipeSafe = TRUE
/\ acked = {}
/\ durableOps = (n1 :> {} @@ n2 :> {})
/\ truncBelow = (n1 :> 0 @@ n2 :> 0)
/\ routing = [ primary |-> n1,
  replicas |-> {n2},
  inSync |-> {},
  initialized |-> TRUE,
  allocations |-> (n1 :> 1 @@ n2 :> 1),
  term |-> 1,
  unassigned |-> 0,
  members |-> {n1, n2} ]
/\ faultsStopped = FALSE
/\ replicaFence = (n1 :> 1 @@ n2 :> 1)
/\ pendingPrimary = (n1 :> "NO_NODE" @@ n2 :> "NO_NODE")
/\ writePrimary = <<"NO_NODE">>
/\ writeSeq = <<0>>
/\ pendingAllocation = (n1 :> 0 @@ n2 :> 0)
/\ pins = (n1 :> {} @@ n2 :> {})
/\ epoch = (n1 :> 0 @@ n2 :> 0)
/\ copyUuid = (n1 :> "INDEX_UUID" @@ n2 :> "INDEX_UUID")
/\ exclusiveHolder = (n1 :> "NO_NODE" @@ n2 :> "NO_NODE")
/\ copyExists = (n1 :> TRUE @@ n2 :> TRUE)
/\ crashCount = 0
/\ partitionCount = 0
/\ sessionMarkSubmitted = (n1 :> FALSE @@ n2 :> FALSE)
/\ writeStatus = <<"Unused">>
/\ sessionSource = (n1 :> "NO_NODE" @@ n2 :> "NO_NODE")
/\ sessionBoundary = (n1 :> 0 @@ n2 :> 0)
/\ termMonotonic = TRUE
/\ activated = (n1 :> 1 @@ n2 :> 0)
/\ sessionSettlementRunning = (n1 :> FALSE @@ n2 :> FALSE)
/\ writeRequired = <<{}>>
/\ sessionFetched = (n1 :> 0 @@ n2 :> 0)
/\ raftConnected = (n1 :> TRUE @@ n2 :> TRUE)
/\ activationPending = (n1 :> 0 @@ n2 :> 0)
/\ nextWrite = 1
/\ sessionAllocation = (n1 :> 0 @@ n2 :> 0)
/\ sessionPhase = (n1 :> "None" @@ n2 :> "None")
/\ recoveryAttempts = 0
/\ writeTarget = <<"NO_NODE">>
/\ committed = (n1 :> 0 @@ n2 :> 0)
/\ failed = {}
/\ durableReplicaFence = (n1 :> 1 @@ n2 :> 1)
/\ ops = (n1 :> {} @@ n2 :> {})
/\ sessionSnapshot = (n1 :> {} @@ n2 :> {})
/\ writeTerm = <<0>>
/\ sessionTerm = (n1 :> 0 @@ n2 :> 0)
/\ activePrimaryApplySafe = TRUE
/\ promotionSafe = TRUE
/\ sessionFinalizePreparing = (n1 :> FALSE @@ n2 :> FALSE)
/\ sessionCursor = (n1 :> 0 @@ n2 :> 0)
/\ writeDoc = <<d1>>
/\ sharedHolders = (n1 :> {} @@ n2 :> {})
/\ raftLog = <<>>
/\ copyMode = (n1 :> "Active" @@ n2 :> "Active")
/\ messages = {}
/\ ackMembershipSafe = TRUE
/\ views = ( n1 :>
      [ primary |-> n1,
        replicas |-> {n2},
        inSync |-> {},
        initialized |-> TRUE,
        allocations |-> (n1 :> 1 @@ n2 :> 1),
        term |-> 1,
        unassigned |-> 0,
        members |-> {n1, n2} ] @@
  n2 :>
      [ primary |-> n1,
        replicas |-> {n2},
        inSync |-> {},
        initialized |-> TRUE,
        allocations |-> (n1 :> 1 @@ n2 :> 1),
        term |-> 1,
        unassigned |-> 0,
        members |-> {n1, n2} ] )
/\ alive = (n1 :> TRUE @@ n2 :> TRUE)
/\ diskLost = (n1 :> FALSE @@ n2 :> FALSE)
/\ lifecyclePhase = (n1 :> "Idle" @@ n2 :> "Idle")
/\ writeWait = <<{}>>

State 2: <PRClientWrite line 20, col 5 to line 24, col 58 of module MC_PendingRestart>
/\ writeStatus = <<"Routed">>
/\ nextWrite = 2
/\ writeTarget = <<n1>>

State 3: <PRPrimaryAccept line 27, col 5 to line 30, col 58 of module MC_PendingRestart>
/\ docValue = (n1 :> (d1 :> 1) @@ n2 :> (d1 :> 0))
/\ nextSeq = (n1 :> 1 @@ n2 :> 0)
/\ durableOps = (n1 :> {1} @@ n2 :> {})
/\ writePrimary = <<n1>>
/\ writeStatus = <<"Replicating">>
/\ ops = (n1 :> {1} @@ n2 :> {})
/\ writeTerm = <<1>>
/\ sharedHolders = (n1 :> {1} @@ n2 :> {})

State 4: <PRPrimaryAck line 33, col 5 to line 36, col 58 of module MC_PendingRestart>
/\ acked = {1}
/\ writeStatus = <<"Acked">>
/\ sharedHolders = (n1 :> {} @@ n2 :> {})

State 5: <PRStart line 39, col 5 to line 40, col 14 of module MC_PendingRestart>
/\ sessionSource = (n1 :> "NO_NODE" @@ n2 :> n1)
/\ sessionAllocation = (n1 :> 0 @@ n2 :> 1)
/\ sessionPhase = (n1 :> "None" @@ n2 :> "Starting")
/\ recoveryAttempts = 1
/\ sessionTerm = (n1 :> 0 @@ n2 :> 1)

State 6: <L1Snapshot line 24, col 5 to line 27, col 78 of module MC_L1>
/\ pins = (n1 :> {1} @@ n2 :> {})
/\ sessionBoundary = (n1 :> 0 @@ n2 :> 1)
/\ sessionPhase = (n1 :> "None" @@ n2 :> "SnapshotReady")
/\ committed = (n1 :> 1 @@ n2 :> 0)
/\ sessionSnapshot = (n1 :> {} @@ n2 :> {1})
/\ sessionCursor = (n1 :> 0 @@ n2 :> 1)

State 7: <L1BeginInstall line 30, col 5 to line 33, col 78 of module MC_L1>
/\ installMarker = (n1 :> FALSE @@ n2 :> TRUE)
/\ sessionPhase = (n1 :> "None" @@ n2 :> "Installing")
/\ copyMode = (n1 :> "Active" @@ n2 :> "Recovering")

State 8: <L1Install line 36, col 5 to line 38, col 78 of module MC_L1>
/\ docValue = (n1 :> (d1 :> 1) @@ n2 :> (d1 :> 1))
/\ nextSeq = (n1 :> 1 @@ n2 :> 1)
/\ installMarker = (n1 :> FALSE @@ n2 :> FALSE)
/\ durableOps = (n1 :> {1} @@ n2 :> {1})
/\ truncBelow = (n1 :> 0 @@ n2 :> 1)
/\ sessionPhase = (n1 :> "None" @@ n2 :> "CatchingUp")
/\ committed = (n1 :> 1 @@ n2 :> 1)
/\ ops = (n1 :> {1} @@ n2 :> {1})

State 9: <L1FinishCatchUp line 53, col 5 to line 56, col 78 of module MC_L1>
/\ sessionPhase = (n1 :> "None" @@ n2 :> "Ready")

State 10: <L1BeginPrepare line 59, col 5 to line 62, col 78 of module MC_L1>
/\ sessionPhase = (n1 :> "None" @@ n2 :> "Preparing")
/\ sessionFinalizePreparing = (n1 :> FALSE @@ n2 :> TRUE)

State 11: <L1AcquireBarrier line 65, col 5 to line 68, col 78 of module MC_L1>
/\ sessionHead = (n1 :> 0 @@ n2 :> 1)
/\ exclusiveHolder = (n1 :> n2 @@ n2 :> "NO_NODE")
/\ sessionPhase = (n1 :> "None" @@ n2 :> "Finalizing")
/\ sessionFinalizePreparing = (n1 :> FALSE @@ n2 :> FALSE)

State 12: <L1TargetComplete line 77, col 5 to line 80, col 59 of module MC_L1>
/\ pendingTerm = (n1 :> 0 @@ n2 :> 1)
/\ pendingPrimary = (n1 :> "NO_NODE" @@ n2 :> n1)
/\ pendingAllocation = (n1 :> 0 @@ n2 :> 1)
/\ sessionPhase = (n1 :> "None" @@ n2 :> "AwaitingComplete")
/\ copyMode = (n1 :> "Active" @@ n2 :> "Pending")

State 13: <L1BeginSettlement line 83, col 5 to line 86, col 78 of module MC_L1>
/\ sessionSettlementRunning = (n1 :> FALSE @@ n2 :> TRUE)
/\ sessionPhase = (n1 :> "None" @@ n2 :> "Settling")

State 14: <L1ProposeMark line 89, col 5 to line 92, col 78 of module MC_L1>
/\ pendingRaft = { [ kind |-> "MarkReplicaInSync",
    expectedAllocation |-> 1,
    target |-> n2,
    actor |-> n1,
    newReplicas |-> {},
    newPrimary |-> n1,
    newUnassigned |-> 0,
    newAllocations |-> (n1 :> 0 @@ n2 :> 0),
    expectedPrimary |-> n1,
    expectedTerm |-> 1 ] }
/\ sessionMarkSubmitted = (n1 :> FALSE @@ n2 :> TRUE)

State 15: <PRCrashTarget line 43, col 5 to line 46, col 32 of module MC_PendingRestart>
/\ crashCount = 1
/\ raftConnected = (n1 :> TRUE @@ n2 :> FALSE)
/\ copyMode = (n1 :> "Active" @@ n2 :> "Active")
/\ alive = (n1 :> TRUE @@ n2 :> FALSE)

State 16: <PRRestartTarget line 49, col 5 to line 50, col 32 of module MC_PendingRestart>
/\ epoch = (n1 :> 0 @@ n2 :> 1)
/\ raftConnected = (n1 :> TRUE @@ n2 :> TRUE)
/\ alive = (n1 :> TRUE @@ n2 :> TRUE)

State 17: <PRLegacyWipeAndDelayedAdmission line 73, col 5 to line 102, col 56 of module MC_PendingRestart>
/\ pendingRaft = {}
/\ raftVoters = {n1, n2}
/\ docValue = (n1 :> (d1 :> 1) @@ n2 :> (d1 :> 0))
/\ sessionBumpSubmitted = (n1 :> FALSE @@ n2 :> FALSE)
/\ copyAllocation = (n1 :> 1 @@ n2 :> 1)
/\ sessionHead = (n1 :> 0 @@ n2 :> 1)
/\ admissionSafe = TRUE
/\ nextSeq = (n1 :> 1 @@ n2 :> 0)
/\ writeKind = <<"Put">>
/\ writeEpoch = <<0>>
/\ staleApplySafe = TRUE
/\ raftLeader = n1
/\ sessionSourceEpoch = (n1 :> 0 @@ n2 :> 0)
/\ applied = (n1 :> 0 @@ n2 :> 0)
/\ installMarker = (n1 :> FALSE @@ n2 :> TRUE)
/\ pendingTerm = (n1 :> 0 @@ n2 :> 1)
/\ authoritativeWipeSafe = TRUE
/\ acked = {1}
/\ durableOps = (n1 :> {1} @@ n2 :> {})
/\ truncBelow = (n1 :> 0 @@ n2 :> 0)
/\ routing = [ primary |-> n1,
  replicas |-> {n2},
  inSync |-> {n2},
  initialized |-> TRUE,
  allocations |-> (n1 :> 1 @@ n2 :> 1),
  term |-> 1,
  unassigned |-> 0,
  members |-> {n1, n2} ]
/\ faultsStopped = FALSE
/\ replicaFence = (n1 :> 1 @@ n2 :> 1)
/\ pendingPrimary = (n1 :> "NO_NODE" @@ n2 :> n1)
/\ writePrimary = <<n1>>
/\ writeSeq = <<0>>
/\ pendingAllocation = (n1 :> 0 @@ n2 :> 1)
/\ pins = (n1 :> {1} @@ n2 :> {})
/\ epoch = (n1 :> 0 @@ n2 :> 1)
/\ copyUuid = (n1 :> "INDEX_UUID" @@ n2 :> "INDEX_UUID")
/\ exclusiveHolder = (n1 :> n2 @@ n2 :> "NO_NODE")
/\ copyExists = (n1 :> TRUE @@ n2 :> TRUE)
/\ crashCount = 1
/\ partitionCount = 0
/\ sessionMarkSubmitted = (n1 :> FALSE @@ n2 :> TRUE)
/\ writeStatus = <<"Acked">>
/\ sessionSource = (n1 :> "NO_NODE" @@ n2 :> n1)
/\ sessionBoundary = (n1 :> 0 @@ n2 :> 1)
/\ termMonotonic = TRUE
/\ activated = (n1 :> 1 @@ n2 :> 0)
/\ sessionSettlementRunning = (n1 :> FALSE @@ n2 :> TRUE)
/\ writeRequired = <<{}>>
/\ sessionFetched = (n1 :> 0 @@ n2 :> 0)
/\ raftConnected = (n1 :> TRUE @@ n2 :> TRUE)
/\ activationPending = (n1 :> 0 @@ n2 :> 0)
/\ nextWrite = 2
/\ sessionAllocation = (n1 :> 0 @@ n2 :> 1)
/\ sessionPhase = (n1 :> "None" @@ n2 :> "Settling")
/\ recoveryAttempts = 1
/\ writeTarget = <<n1>>
/\ committed = (n1 :> 1 @@ n2 :> 0)
/\ failed = {}
/\ durableReplicaFence = (n1 :> 1 @@ n2 :> 1)
/\ ops = (n1 :> {1} @@ n2 :> {})
/\ sessionSnapshot = (n1 :> {} @@ n2 :> {1})
/\ writeTerm = <<1>>
/\ sessionTerm = (n1 :> 0 @@ n2 :> 1)
/\ activePrimaryApplySafe = TRUE
/\ promotionSafe = TRUE
/\ sessionFinalizePreparing = (n1 :> FALSE @@ n2 :> FALSE)
/\ sessionCursor = (n1 :> 0 @@ n2 :> 1)
/\ writeDoc = <<d1>>
/\ sharedHolders = (n1 :> {} @@ n2 :> {})
/\ raftLog = <<>>
/\ copyMode = (n1 :> "Active" @@ n2 :> "Recovering")
/\ messages = {}
/\ ackMembershipSafe = TRUE
/\ views = ( n1 :>
      [ primary |-> n1,
        replicas |-> {n2},
        inSync |-> {n2},
        initialized |-> TRUE,
        allocations |-> (n1 :> 1 @@ n2 :> 1),
        term |-> 1,
        unassigned |-> 0,
        members |-> {n1, n2} ] @@
  n2 :>
      [ primary |-> n1,
        replicas |-> {n2},
        inSync |-> {},
        initialized |-> TRUE,
        allocations |-> (n1 :> 1 @@ n2 :> 1),
        term |-> 1,
        unassigned |-> 0,
        members |-> {n1, n2} ] )
/\ alive = (n1 :> TRUE @@ n2 :> TRUE)
/\ diskLost = (n1 :> FALSE @@ n2 :> FALSE)
/\ lifecyclePhase = (n1 :> "Idle" @@ n2 :> "Idle")
/\ writeWait = <<{}>>

20 states generated, 19 distinct states found, 0 states left on queue.
The depth of the complete state graph search is 18.
The average outdegree of the complete state graph is 1 (minimum is 1, the maximum 1 and the 95th percentile is 1).
Finished in 01s at (2026-09-27 07:32:12)
