TLC2 Version 2.19 of 08 August 2024 (rev: 5a47802)
Running breadth-first search Model-Checking with fp 66 and seed -2052824756446322028 with 8 workers on 16 cores with 7127MB heap and 64MB offheap memory [pid: 37358] (Linux 6.6.87.2-microsoft-standard-WSL2 amd64, Amazon.com Inc. 25.0.2 x86_64, MSBDiskFPSet, DiskStateQueue).
Parsing file /home/rchilaka/ROpenSearch/specs/tla/MC_C2.tla
Parsing file /home/rchilaka/ROpenSearch/specs/tla/Invariants.tla
Parsing file /home/rchilaka/ROpenSearch/specs/tla/Faults.tla
Parsing file /home/rchilaka/ROpenSearch/specs/tla/PeerRecovery.tla
Parsing file /home/rchilaka/ROpenSearch/specs/tla/ShardReplication.tla
Parsing file /home/rchilaka/ROpenSearch/specs/tla/RaftLog.tla
Parsing file /tmp/ferrissearch-tla.YOjWCK/c2-allocation-ids/java-tmp/Naturals.tla
Parsing file /tmp/ferrissearch-tla.YOjWCK/c2-allocation-ids/java-tmp/Sequences.tla
Parsing file /tmp/ferrissearch-tla.YOjWCK/c2-allocation-ids/java-tmp/FiniteSets.tla
Parsing file /tmp/ferrissearch-tla.YOjWCK/c2-allocation-ids/java-tmp/TLC.tla
Semantic processing of module Naturals
Semantic processing of module Sequences
Semantic processing of module FiniteSets
Semantic processing of module TLC
Semantic processing of module RaftLog
Semantic processing of module ShardReplication
Semantic processing of module PeerRecovery
Semantic processing of module Faults
Semantic processing of module Invariants
Semantic processing of module MC_C2
Starting... (2026-09-26 19:37:16)
Computing initial states...
Finished computing initial states: 1 distinct state generated at 2026-09-26 19:37:17.
Error: Invariant C2RejectsStaleMessage is violated.
Error: The behavior up to this point is:
State 1: <Initial predicate>
/\ pendingRaft = {}
/\ raftVoters = {n1, n2, n3}
/\ docValue = (n1 :> (d1 :> 0) @@ n2 :> (d1 :> 0) @@ n3 :> (d1 :> 0))
/\ sessionBumpSubmitted = (n1 :> FALSE @@ n2 :> FALSE @@ n3 :> FALSE)
/\ copyAllocation = (n1 :> 1 @@ n2 :> 1 @@ n3 :> 1)
/\ sessionHead = (n1 :> 0 @@ n2 :> 0 @@ n3 :> 0)
/\ admissionSafe = TRUE
/\ nextSeq = (n1 :> 0 @@ n2 :> 0 @@ n3 :> 0)
/\ writeKind = <<"Put", "Put">>
/\ writeEpoch = <<0, 0>>
/\ staleApplySafe = TRUE
/\ raftLeader = n2
/\ sessionSourceEpoch = (n1 :> 0 @@ n2 :> 0 @@ n3 :> 0)
/\ applied = (n1 :> 0 @@ n2 :> 0 @@ n3 :> 0)
/\ installMarker = (n1 :> FALSE @@ n2 :> FALSE @@ n3 :> FALSE)
/\ pendingTerm = (n1 :> 0 @@ n2 :> 0 @@ n3 :> 0)
/\ authoritativeWipeSafe = TRUE
/\ acked = {}
/\ durableOps = (n1 :> {} @@ n2 :> {} @@ n3 :> {})
/\ truncBelow = (n1 :> 0 @@ n2 :> 0 @@ n3 :> 0)
/\ routing = [ primary |-> n1,
  term |-> 1,
  initialized |-> TRUE,
  allocations |-> (n1 :> 1 @@ n2 :> 1 @@ n3 :> 1),
  inSync |-> {n2, n3},
  replicas |-> {n2, n3},
  unassigned |-> 0,
  members |-> {n1, n2, n3} ]
/\ faultsStopped = FALSE
/\ replicaFence = (n1 :> 0 @@ n2 :> 0 @@ n3 :> 0)
/\ pendingPrimary = (n1 :> "NO_NODE" @@ n2 :> "NO_NODE" @@ n3 :> "NO_NODE")
/\ writePrimary = <<"NO_NODE", "NO_NODE">>
/\ writeSeq = <<0, 0>>
/\ pendingAllocation = (n1 :> 0 @@ n2 :> 0 @@ n3 :> 0)
/\ pins = (n1 :> {} @@ n2 :> {} @@ n3 :> {})
/\ epoch = (n1 :> 0 @@ n2 :> 0 @@ n3 :> 0)
/\ copyUuid = (n1 :> "INDEX_UUID" @@ n2 :> "INDEX_UUID" @@ n3 :> "INDEX_UUID")
/\ exclusiveHolder = (n1 :> "NO_NODE" @@ n2 :> "NO_NODE" @@ n3 :> "NO_NODE")
/\ copyExists = (n1 :> TRUE @@ n2 :> TRUE @@ n3 :> TRUE)
/\ crashCount = 0
/\ partitionCount = 0
/\ sessionMarkSubmitted = (n1 :> FALSE @@ n2 :> FALSE @@ n3 :> FALSE)
/\ writeStatus = <<"Unused", "Unused">>
/\ sessionSource = (n1 :> "NO_NODE" @@ n2 :> "NO_NODE" @@ n3 :> "NO_NODE")
/\ sessionBoundary = (n1 :> 0 @@ n2 :> 0 @@ n3 :> 0)
/\ termMonotonic = TRUE
/\ activated = (n1 :> 1 @@ n2 :> 0 @@ n3 :> 0)
/\ sessionSettlementRunning = (n1 :> FALSE @@ n2 :> FALSE @@ n3 :> FALSE)
/\ writeRequired = <<{}, {}>>
/\ sessionFetched = (n1 :> 0 @@ n2 :> 0 @@ n3 :> 0)
/\ raftConnected = (n1 :> TRUE @@ n2 :> TRUE @@ n3 :> TRUE)
/\ activationPending = (n1 :> 0 @@ n2 :> 0 @@ n3 :> 0)
/\ nextWrite = 1
/\ sessionAllocation = (n1 :> 0 @@ n2 :> 0 @@ n3 :> 0)
/\ sessionPhase = (n1 :> "None" @@ n2 :> "None" @@ n3 :> "None")
/\ recoveryAttempts = 0
/\ writeTarget = <<"NO_NODE", "NO_NODE">>
/\ committed = (n1 :> 0 @@ n2 :> 0 @@ n3 :> 0)
/\ failed = {}
/\ durableReplicaFence = (n1 :> 0 @@ n2 :> 0 @@ n3 :> 0)
/\ ops = (n1 :> {} @@ n2 :> {} @@ n3 :> {})
/\ sessionSnapshot = (n1 :> {} @@ n2 :> {} @@ n3 :> {})
/\ writeTerm = <<0, 0>>
/\ sessionTerm = (n1 :> 0 @@ n2 :> 0 @@ n3 :> 0)
/\ activePrimaryApplySafe = TRUE
/\ promotionSafe = TRUE
/\ sessionFinalizePreparing = (n1 :> FALSE @@ n2 :> FALSE @@ n3 :> FALSE)
/\ sessionCursor = (n1 :> 0 @@ n2 :> 0 @@ n3 :> 0)
/\ writeDoc = <<d1, d1>>
/\ sharedHolders = (n1 :> {} @@ n2 :> {} @@ n3 :> {})
/\ raftLog = <<>>
/\ copyMode = (n1 :> "Active" @@ n2 :> "Active" @@ n3 :> "Active")
/\ messages = {}
/\ ackMembershipSafe = TRUE
/\ views = ( n1 :>
      [ primary |-> n1,
        term |-> 1,
        initialized |-> TRUE,
        allocations |-> (n1 :> 1 @@ n2 :> 1 @@ n3 :> 1),
        inSync |-> {n2, n3},
        replicas |-> {n2, n3},
        unassigned |-> 0,
        members |-> {n1, n2, n3} ] @@
  n2 :>
      [ primary |-> n1,
        term |-> 1,
        initialized |-> TRUE,
        allocations |-> (n1 :> 1 @@ n2 :> 1 @@ n3 :> 1),
        inSync |-> {n2, n3},
        replicas |-> {n2, n3},
        unassigned |-> 0,
        members |-> {n1, n2, n3} ] @@
  n3 :>
      [ primary |-> n1,
        term |-> 1,
        initialized |-> TRUE,
        allocations |-> (n1 :> 1 @@ n2 :> 1 @@ n3 :> 1),
        inSync |-> {n2, n3},
        replicas |-> {n2, n3},
        unassigned |-> 0,
        members |-> {n1, n2, n3} ] )
/\ alive = (n1 :> TRUE @@ n2 :> TRUE @@ n3 :> TRUE)
/\ diskLost = (n1 :> FALSE @@ n2 :> FALSE @@ n3 :> FALSE)
/\ lifecyclePhase = (n1 :> "Idle" @@ n2 :> "Idle" @@ n3 :> "Idle")
/\ writeWait = <<{}, {}>>

State 2: <C2Next line 53, col 8 to line 54, col 35 of module MC_C2>
/\ partitionCount = 1
/\ raftConnected = (n1 :> FALSE @@ n2 :> TRUE @@ n3 :> TRUE)

State 3: <C2Next line 55, col 8 to line 56, col 35 of module MC_C2>
/\ pendingRaft = { [ kind |-> "UpdateRouting",
    expectedAllocation |-> 0,
    target |-> n1,
    actor |-> n2,
    newReplicas |-> {n3},
    newPrimary |-> n2,
    newUnassigned |-> 1,
    newAllocations |-> (n1 :> 0 @@ n2 :> 1 @@ n3 :> 1),
    expectedPrimary |-> "NO_NODE",
    expectedTerm |-> 0 ] }
/\ lifecyclePhase = (n1 :> "RoutingProposed" @@ n2 :> "Idle" @@ n3 :> "Idle")

State 4: <C2Next line 50, col 8 to line 52, col 70 of module MC_C2>
/\ pendingRaft = {}
/\ applied = (n1 :> 0 @@ n2 :> 1 @@ n3 :> 0)
/\ routing = [ primary |-> n2,
  term |-> 2,
  initialized |-> TRUE,
  allocations |-> (n1 :> 0 @@ n2 :> 1 @@ n3 :> 1),
  inSync |-> {n3},
  replicas |-> {n3},
  unassigned |-> 1,
  members |-> {n1, n2, n3} ]
/\ raftLog = << [ command |->
         [ kind |-> "UpdateRouting",
           expectedAllocation |-> 0,
           target |-> n1,
           actor |-> n2,
           newReplicas |-> {n3},
           newPrimary |-> n2,
           newUnassigned |-> 1,
           newAllocations |-> (n1 :> 0 @@ n2 :> 1 @@ n3 :> 1),
           expectedPrimary |-> "NO_NODE",
           expectedTerm |-> 0 ],
     state |->
         [ primary |-> n2,
           term |-> 2,
           initialized |-> TRUE,
           allocations |-> (n1 :> 0 @@ n2 :> 1 @@ n3 :> 1),
           inSync |-> {n3},
           replicas |-> {n3},
           unassigned |-> 1,
           members |-> {n1, n2, n3} ],
     accepted |-> TRUE ] >>
/\ views = ( n1 :>
      [ primary |-> n1,
        term |-> 1,
        initialized |-> TRUE,
        allocations |-> (n1 :> 1 @@ n2 :> 1 @@ n3 :> 1),
        inSync |-> {n2, n3},
        replicas |-> {n2, n3},
        unassigned |-> 0,
        members |-> {n1, n2, n3} ] @@
  n2 :>
      [ primary |-> n2,
        term |-> 2,
        initialized |-> TRUE,
        allocations |-> (n1 :> 0 @@ n2 :> 1 @@ n3 :> 1),
        inSync |-> {n3},
        replicas |-> {n3},
        unassigned |-> 1,
        members |-> {n1, n2, n3} ] @@
  n3 :>
      [ primary |-> n1,
        term |-> 1,
        initialized |-> TRUE,
        allocations |-> (n1 :> 1 @@ n2 :> 1 @@ n3 :> 1),
        inSync |-> {n2, n3},
        replicas |-> {n2, n3},
        unassigned |-> 0,
        members |-> {n1, n2, n3} ] )

State 5: <C2Next line 46, col 8 to line 49, col 61 of module MC_C2>
/\ pendingRaft = { [ kind |-> "ActivatePrimary",
    expectedAllocation |-> 1,
    target |-> n2,
    actor |-> n2,
    newReplicas |-> {},
    newPrimary |-> n2,
    newUnassigned |-> 0,
    newAllocations |-> (n1 :> 0 @@ n2 :> 0 @@ n3 :> 0),
    expectedPrimary |-> n2,
    expectedTerm |-> 2 ] }
/\ activationPending = (n1 :> 0 @@ n2 :> 2 @@ n3 :> 0)

State 6: <C2Next line 50, col 8 to line 52, col 70 of module MC_C2>
/\ pendingRaft = {}
/\ applied = (n1 :> 0 @@ n2 :> 2 @@ n3 :> 0)
/\ routing = [ primary |-> n2,
  term |-> 3,
  initialized |-> TRUE,
  allocations |-> (n1 :> 0 @@ n2 :> 1 @@ n3 :> 1),
  inSync |-> {n3},
  replicas |-> {n3},
  unassigned |-> 1,
  members |-> {n1, n2, n3} ]
/\ raftLog = << [ command |->
         [ kind |-> "UpdateRouting",
           expectedAllocation |-> 0,
           target |-> n1,
           actor |-> n2,
           newReplicas |-> {n3},
           newPrimary |-> n2,
           newUnassigned |-> 1,
           newAllocations |-> (n1 :> 0 @@ n2 :> 1 @@ n3 :> 1),
           expectedPrimary |-> "NO_NODE",
           expectedTerm |-> 0 ],
     state |->
         [ primary |-> n2,
           term |-> 2,
           initialized |-> TRUE,
           allocations |-> (n1 :> 0 @@ n2 :> 1 @@ n3 :> 1),
           inSync |-> {n3},
           replicas |-> {n3},
           unassigned |-> 1,
           members |-> {n1, n2, n3} ],
     accepted |-> TRUE ],
   [ command |->
         [ kind |-> "ActivatePrimary",
           expectedAllocation |-> 1,
           target |-> n2,
           actor |-> n2,
           newReplicas |-> {},
           newPrimary |-> n2,
           newUnassigned |-> 0,
           newAllocations |-> (n1 :> 0 @@ n2 :> 0 @@ n3 :> 0),
           expectedPrimary |-> n2,
           expectedTerm |-> 2 ],
     state |->
         [ primary |-> n2,
           term |-> 3,
           initialized |-> TRUE,
           allocations |-> (n1 :> 0 @@ n2 :> 1 @@ n3 :> 1),
           inSync |-> {n3},
           replicas |-> {n3},
           unassigned |-> 1,
           members |-> {n1, n2, n3} ],
     accepted |-> TRUE ] >>
/\ views = ( n1 :>
      [ primary |-> n1,
        term |-> 1,
        initialized |-> TRUE,
        allocations |-> (n1 :> 1 @@ n2 :> 1 @@ n3 :> 1),
        inSync |-> {n2, n3},
        replicas |-> {n2, n3},
        unassigned |-> 0,
        members |-> {n1, n2, n3} ] @@
  n2 :>
      [ primary |-> n2,
        term |-> 3,
        initialized |-> TRUE,
        allocations |-> (n1 :> 0 @@ n2 :> 1 @@ n3 :> 1),
        inSync |-> {n3},
        replicas |-> {n3},
        unassigned |-> 1,
        members |-> {n1, n2, n3} ] @@
  n3 :>
      [ primary |-> n1,
        term |-> 1,
        initialized |-> TRUE,
        allocations |-> (n1 :> 1 @@ n2 :> 1 @@ n3 :> 1),
        inSync |-> {n2, n3},
        replicas |-> {n2, n3},
        unassigned |-> 0,
        members |-> {n1, n2, n3} ] )

State 7: <C2Next line 50, col 8 to line 52, col 70 of module MC_C2>
/\ activated = (n1 :> 1 @@ n2 :> 3 @@ n3 :> 0)
/\ activationPending = (n1 :> 0 @@ n2 :> 0 @@ n3 :> 0)

State 8: <C2Next line 46, col 8 to line 49, col 61 of module MC_C2>
/\ writeStatus = <<"Routed", "Unused">>
/\ nextWrite = 2
/\ writeTarget = <<n2, "NO_NODE">>

State 9: <C2Next line 46, col 8 to line 49, col 61 of module MC_C2>
/\ docValue = (n1 :> (d1 :> 0) @@ n2 :> (d1 :> 1) @@ n3 :> (d1 :> 0))
/\ nextSeq = (n1 :> 0 @@ n2 :> 1 @@ n3 :> 0)
/\ durableOps = (n1 :> {} @@ n2 :> {1} @@ n3 :> {})
/\ writePrimary = <<n2, "NO_NODE">>
/\ writeStatus = <<"Replicating", "Unused">>
/\ writeRequired = <<{n3}, {}>>
/\ ops = (n1 :> {} @@ n2 :> {1} @@ n3 :> {})
/\ writeTerm = <<3, 0>>
/\ sharedHolders = (n1 :> {} @@ n2 :> {1} @@ n3 :> {})
/\ messages = { [ term |-> 3,
    kind |-> "Replicate",
    from |-> n2,
    to |-> n3,
    targetAllocation |-> 1,
    write |-> 1,
    seq |-> 0,
    fromEpoch |-> 0,
    toEpoch |-> 0,
    indexUuid |-> "INDEX_UUID" ] }
/\ writeWait = <<{n3}, {}>>

State 10: <C2Next line 50, col 8 to line 52, col 70 of module MC_C2>
/\ docValue = (n1 :> (d1 :> 0) @@ n2 :> (d1 :> 1) @@ n3 :> (d1 :> 1))
/\ nextSeq = (n1 :> 0 @@ n2 :> 1 @@ n3 :> 1)
/\ durableOps = (n1 :> {} @@ n2 :> {1} @@ n3 :> {1})
/\ ops = (n1 :> {} @@ n2 :> {1} @@ n3 :> {1})
/\ messages = { [ term |-> 3,
    kind |-> "ReplicaAck",
    from |-> n3,
    to |-> n2,
    targetAllocation |-> 1,
    write |-> 1,
    seq |-> 0,
    fromEpoch |-> 0,
    toEpoch |-> 0,
    indexUuid |-> "INDEX_UUID" ] }

State 11: <C2Next line 46, col 8 to line 49, col 61 of module MC_C2>
/\ messages = {}
/\ writeWait = <<{}, {}>>

State 12: <C2Next line 46, col 8 to line 49, col 61 of module MC_C2>
/\ acked = {1}
/\ writeStatus = <<"Acked", "Unused">>
/\ sharedHolders = (n1 :> {} @@ n2 :> {} @@ n3 :> {})

State 13: <C2Next line 46, col 8 to line 49, col 61 of module MC_C2>
/\ writeStatus = <<"Acked", "Routed">>
/\ nextWrite = 3
/\ writeTarget = <<n2, n1>>

State 14: <C2Next line 46, col 8 to line 49, col 61 of module MC_C2>
/\ pendingRaft = {}
/\ raftVoters = {n1, n2, n3}
/\ docValue = (n1 :> (d1 :> 2) @@ n2 :> (d1 :> 1) @@ n3 :> (d1 :> 1))
/\ sessionBumpSubmitted = (n1 :> FALSE @@ n2 :> FALSE @@ n3 :> FALSE)
/\ copyAllocation = (n1 :> 1 @@ n2 :> 1 @@ n3 :> 1)
/\ sessionHead = (n1 :> 0 @@ n2 :> 0 @@ n3 :> 0)
/\ admissionSafe = TRUE
/\ nextSeq = (n1 :> 1 @@ n2 :> 1 @@ n3 :> 1)
/\ writeKind = <<"Put", "Put">>
/\ writeEpoch = <<0, 0>>
/\ staleApplySafe = TRUE
/\ raftLeader = n2
/\ sessionSourceEpoch = (n1 :> 0 @@ n2 :> 0 @@ n3 :> 0)
/\ applied = (n1 :> 0 @@ n2 :> 2 @@ n3 :> 0)
/\ installMarker = (n1 :> FALSE @@ n2 :> FALSE @@ n3 :> FALSE)
/\ pendingTerm = (n1 :> 0 @@ n2 :> 0 @@ n3 :> 0)
/\ authoritativeWipeSafe = TRUE
/\ acked = {1}
/\ durableOps = (n1 :> {2} @@ n2 :> {1} @@ n3 :> {1})
/\ truncBelow = (n1 :> 0 @@ n2 :> 0 @@ n3 :> 0)
/\ routing = [ primary |-> n2,
  term |-> 3,
  initialized |-> TRUE,
  allocations |-> (n1 :> 0 @@ n2 :> 1 @@ n3 :> 1),
  inSync |-> {n3},
  replicas |-> {n3},
  unassigned |-> 1,
  members |-> {n1, n2, n3} ]
/\ faultsStopped = FALSE
/\ replicaFence = (n1 :> 0 @@ n2 :> 0 @@ n3 :> 0)
/\ pendingPrimary = (n1 :> "NO_NODE" @@ n2 :> "NO_NODE" @@ n3 :> "NO_NODE")
/\ writePrimary = <<n2, n1>>
/\ writeSeq = <<0, 0>>
/\ pendingAllocation = (n1 :> 0 @@ n2 :> 0 @@ n3 :> 0)
/\ pins = (n1 :> {} @@ n2 :> {} @@ n3 :> {})
/\ epoch = (n1 :> 0 @@ n2 :> 0 @@ n3 :> 0)
/\ copyUuid = (n1 :> "INDEX_UUID" @@ n2 :> "INDEX_UUID" @@ n3 :> "INDEX_UUID")
/\ exclusiveHolder = (n1 :> "NO_NODE" @@ n2 :> "NO_NODE" @@ n3 :> "NO_NODE")
/\ copyExists = (n1 :> TRUE @@ n2 :> TRUE @@ n3 :> TRUE)
/\ crashCount = 0
/\ partitionCount = 1
/\ sessionMarkSubmitted = (n1 :> FALSE @@ n2 :> FALSE @@ n3 :> FALSE)
/\ writeStatus = <<"Acked", "Replicating">>
/\ sessionSource = (n1 :> "NO_NODE" @@ n2 :> "NO_NODE" @@ n3 :> "NO_NODE")
/\ sessionBoundary = (n1 :> 0 @@ n2 :> 0 @@ n3 :> 0)
/\ termMonotonic = TRUE
/\ activated = (n1 :> 1 @@ n2 :> 3 @@ n3 :> 0)
/\ sessionSettlementRunning = (n1 :> FALSE @@ n2 :> FALSE @@ n3 :> FALSE)
/\ writeRequired = <<{n3}, {n2, n3}>>
/\ sessionFetched = (n1 :> 0 @@ n2 :> 0 @@ n3 :> 0)
/\ raftConnected = (n1 :> FALSE @@ n2 :> TRUE @@ n3 :> TRUE)
/\ activationPending = (n1 :> 0 @@ n2 :> 0 @@ n3 :> 0)
/\ nextWrite = 3
/\ sessionAllocation = (n1 :> 0 @@ n2 :> 0 @@ n3 :> 0)
/\ sessionPhase = (n1 :> "None" @@ n2 :> "None" @@ n3 :> "None")
/\ recoveryAttempts = 0
/\ writeTarget = <<n2, n1>>
/\ committed = (n1 :> 0 @@ n2 :> 0 @@ n3 :> 0)
/\ failed = {}
/\ durableReplicaFence = (n1 :> 0 @@ n2 :> 0 @@ n3 :> 0)
/\ ops = (n1 :> {2} @@ n2 :> {1} @@ n3 :> {1})
/\ sessionSnapshot = (n1 :> {} @@ n2 :> {} @@ n3 :> {})
/\ writeTerm = <<3, 1>>
/\ sessionTerm = (n1 :> 0 @@ n2 :> 0 @@ n3 :> 0)
/\ activePrimaryApplySafe = TRUE
/\ promotionSafe = TRUE
/\ sessionFinalizePreparing = (n1 :> FALSE @@ n2 :> FALSE @@ n3 :> FALSE)
/\ sessionCursor = (n1 :> 0 @@ n2 :> 0 @@ n3 :> 0)
/\ writeDoc = <<d1, d1>>
/\ sharedHolders = (n1 :> {2} @@ n2 :> {} @@ n3 :> {})
/\ raftLog = << [ command |->
         [ kind |-> "UpdateRouting",
           expectedAllocation |-> 0,
           target |-> n1,
           actor |-> n2,
           newReplicas |-> {n3},
           newPrimary |-> n2,
           newUnassigned |-> 1,
           newAllocations |-> (n1 :> 0 @@ n2 :> 1 @@ n3 :> 1),
           expectedPrimary |-> "NO_NODE",
           expectedTerm |-> 0 ],
     state |->
         [ primary |-> n2,
           term |-> 2,
           initialized |-> TRUE,
           allocations |-> (n1 :> 0 @@ n2 :> 1 @@ n3 :> 1),
           inSync |-> {n3},
           replicas |-> {n3},
           unassigned |-> 1,
           members |-> {n1, n2, n3} ],
     accepted |-> TRUE ],
   [ command |->
         [ kind |-> "ActivatePrimary",
           expectedAllocation |-> 1,
           target |-> n2,
           actor |-> n2,
           newReplicas |-> {},
           newPrimary |-> n2,
           newUnassigned |-> 0,
           newAllocations |-> (n1 :> 0 @@ n2 :> 0 @@ n3 :> 0),
           expectedPrimary |-> n2,
           expectedTerm |-> 2 ],
     state |->
         [ primary |-> n2,
           term |-> 3,
           initialized |-> TRUE,
           allocations |-> (n1 :> 0 @@ n2 :> 1 @@ n3 :> 1),
           inSync |-> {n3},
           replicas |-> {n3},
           unassigned |-> 1,
           members |-> {n1, n2, n3} ],
     accepted |-> TRUE ] >>
/\ copyMode = (n1 :> "Active" @@ n2 :> "Active" @@ n3 :> "Active")
/\ messages = { [ term |-> 1,
    kind |-> "Replicate",
    from |-> n1,
    to |-> n2,
    targetAllocation |-> 1,
    write |-> 2,
    seq |-> 0,
    fromEpoch |-> 0,
    toEpoch |-> 0,
    indexUuid |-> "INDEX_UUID" ],
  [ term |-> 1,
    kind |-> "Replicate",
    from |-> n1,
    to |-> n3,
    targetAllocation |-> 1,
    write |-> 2,
    seq |-> 0,
    fromEpoch |-> 0,
    toEpoch |-> 0,
    indexUuid |-> "INDEX_UUID" ] }
/\ ackMembershipSafe = TRUE
/\ views = ( n1 :>
      [ primary |-> n1,
        term |-> 1,
        initialized |-> TRUE,
        allocations |-> (n1 :> 1 @@ n2 :> 1 @@ n3 :> 1),
        inSync |-> {n2, n3},
        replicas |-> {n2, n3},
        unassigned |-> 0,
        members |-> {n1, n2, n3} ] @@
  n2 :>
      [ primary |-> n2,
        term |-> 3,
        initialized |-> TRUE,
        allocations |-> (n1 :> 0 @@ n2 :> 1 @@ n3 :> 1),
        inSync |-> {n3},
        replicas |-> {n3},
        unassigned |-> 1,
        members |-> {n1, n2, n3} ] @@
  n3 :>
      [ primary |-> n1,
        term |-> 1,
        initialized |-> TRUE,
        allocations |-> (n1 :> 1 @@ n2 :> 1 @@ n3 :> 1),
        inSync |-> {n2, n3},
        replicas |-> {n2, n3},
        unassigned |-> 0,
        members |-> {n1, n2, n3} ] )
/\ alive = (n1 :> TRUE @@ n2 :> TRUE @@ n3 :> TRUE)
/\ diskLost = (n1 :> FALSE @@ n2 :> FALSE @@ n3 :> FALSE)
/\ lifecyclePhase = (n1 :> "RoutingProposed" @@ n2 :> "Idle" @@ n3 :> "Idle")
/\ writeWait = <<{}, {n2, n3}>>

16 states generated, 16 distinct states found, 0 states left on queue.
The depth of the complete state graph search is 14.
The average outdegree of the complete state graph is 1 (minimum is 0, the maximum 2 and the 95th percentile is 2).
Finished in 01s at (2026-09-26 19:37:17)
