TLC2 Version 2.19 of 08 August 2024 (rev: 5a47802)
Running breadth-first search Model-Checking with fp 38 and seed -8717513345174851399 with 8 workers on 16 cores with 7127MB heap and 64MB offheap memory [pid: 62122] (Linux 6.6.87.2-microsoft-standard-WSL2 amd64, Amazon.com Inc. 25.0.2 x86_64, MSBDiskFPSet, DiskStateQueue).
Parsing file /home/rchilaka/ROpenSearch/specs/tla/MC_D1_SeqNoApply.tla
Parsing file /home/rchilaka/ROpenSearch/specs/tla/Invariants.tla
Parsing file /home/rchilaka/ROpenSearch/specs/tla/Faults.tla
Parsing file /home/rchilaka/ROpenSearch/specs/tla/PeerRecovery.tla
Parsing file /home/rchilaka/ROpenSearch/specs/tla/ShardReplication.tla
Parsing file /home/rchilaka/ROpenSearch/specs/tla/RaftLog.tla
Parsing file /tmp/d1-replay-h/Naturals.tla
Parsing file /tmp/d1-replay-h/Sequences.tla
Parsing file /tmp/d1-replay-h/FiniteSets.tla
Parsing file /tmp/d1-replay-h/TLC.tla
Semantic processing of module Naturals
Semantic processing of module Sequences
Semantic processing of module FiniteSets
Semantic processing of module TLC
Semantic processing of module RaftLog
Semantic processing of module ShardReplication
Semantic processing of module PeerRecovery
Semantic processing of module Faults
Semantic processing of module Invariants
Semantic processing of module MC_D1_SeqNoApply
Starting... (2026-09-28 03:59:50)
Computing initial states...
Finished computing initial states: 1 distinct state generated at 2026-09-28 03:59:51.
Error: Invariant D1ReplayPreservesAcknowledged is violated.
Error: The behavior up to this point is:
State 1: <Initial predicate>
/\ pendingRaft = {}
/\ storageFaultInjected = FALSE
/\ raftVoters = {p, r}
/\ docValue = (p :> (x :> 0 @@ y :> 0) @@ r :> (x :> 0 @@ y :> 0))
/\ docSeqNext = (p :> (x :> 0 @@ y :> 0) @@ r :> (x :> 0 @@ y :> 0))
/\ sessionBumpSubmitted = (p :> FALSE @@ r :> FALSE)
/\ copyAllocation = (p :> 1 @@ r :> 1)
/\ sessionHead = (p :> 0 @@ r :> 0)
/\ crashDone = FALSE
/\ admissionSafe = TRUE
/\ nextSeq = (p :> 0 @@ r :> 0)
/\ writeKind = <<"Put", "Put", "Put">>
/\ writeEpoch = <<0, 0, 0>>
/\ staleApplySafe = TRUE
/\ raftLeader = p
/\ sessionSourceEpoch = (p :> 0 @@ r :> 0)
/\ applied = (p :> 0 @@ r :> 0)
/\ installMarker = (p :> FALSE @@ r :> FALSE)
/\ persistedDocSeqNext = (p :> (x :> 0 @@ y :> 0) @@ r :> (x :> 0 @@ y :> 0))
/\ pendingTerm = (p :> 0 @@ r :> 0)
/\ duplicateSent = FALSE
/\ authoritativeWipeSafe = TRUE
/\ acked = {}
/\ durableOps = (p :> {} @@ r :> {})
/\ replayComplete = (p :> FALSE @@ r :> FALSE)
/\ truncBelow = (p :> 0 @@ r :> 0)
/\ routing = [ term |-> 1,
  primary |-> p,
  inSync |-> {r},
  initialized |-> TRUE,
  allocations |-> (p :> 1 @@ r :> 1),
  replicas |-> {r},
  unassigned |-> 0,
  members |-> {p, r} ]
/\ faultsStopped = FALSE
/\ replicaFence = (p :> 1 @@ r :> 1)
/\ commitDone = FALSE
/\ persistedTombstoneSeqNext = (p :> (x :> 0 @@ y :> 0) @@ r :> (x :> 0 @@ y :> 0))
/\ pendingPrimary = (p :> "NO_NODE" @@ r :> "NO_NODE")
/\ writePrimary = <<"NO_NODE", "NO_NODE", "NO_NODE">>
/\ writeSeq = <<0, 0, 0>>
/\ pendingAllocation = (p :> 0 @@ r :> 0)
/\ pins = (p :> {} @@ r :> {})
/\ maxSeqNext = (p :> 0 @@ r :> 0)
/\ tombstoneOld = (p :> {} @@ r :> {})
/\ epoch = (p :> 0 @@ r :> 0)
/\ copyUuid = (p :> "INDEX_UUID" @@ r :> "INDEX_UUID")
/\ exclusiveHolder = (p :> "NO_NODE" @@ r :> "NO_NODE")
/\ copyExists = (p :> TRUE @@ r :> TRUE)
/\ tombstonePruneSafe = TRUE
/\ persistedDocValue = (p :> (x :> 0 @@ y :> 0) @@ r :> (x :> 0 @@ y :> 0))
/\ crashCount = 0
/\ partitionCount = 0
/\ sessionMarkSubmitted = (p :> FALSE @@ r :> FALSE)
/\ persistedMaxSeqNext = (p :> 0 @@ r :> 0)
/\ pruneDone = FALSE
/\ replayBoundary = (p :> 0 @@ r :> 0)
/\ writeStatus = <<"Unused", "Unused", "Unused">>
/\ sessionSource = (p :> "NO_NODE" @@ r :> "NO_NODE")
/\ sessionBoundary = (p :> 0 @@ r :> 0)
/\ replayPos = (p :> 1 @@ r :> 1)
/\ termMonotonic = TRUE
/\ activated = (p :> 1 @@ r :> 0)
/\ sessionSettlementRunning = (p :> FALSE @@ r :> FALSE)
/\ writeRequired = <<{}, {}, {}>>
/\ processedSeqs = (p :> {} @@ r :> {})
/\ sessionFetched = (p :> 0 @@ r :> 0)
/\ raftConnected = (p :> TRUE @@ r :> TRUE)
/\ activationPending = (p :> 0 @@ r :> 0)
/\ nextWrite = 1
/\ sessionAllocation = (p :> 0 @@ r :> 0)
/\ walOrder = (p :> <<>> @@ r :> <<>>)
/\ replaySafe = TRUE
/\ sessionPhase = (p :> "None" @@ r :> "None")
/\ recoveryAttempts = 0
/\ writeTarget = <<"NO_NODE", "NO_NODE", "NO_NODE">>
/\ processedNext = (p :> 0 @@ r :> 0)
/\ committed = (p :> 0 @@ r :> 0)
/\ failed = {}
/\ durableReplicaFence = (p :> 1 @@ r :> 1)
/\ ops = (p :> {} @@ r :> {})
/\ sessionSnapshot = (p :> {} @@ r :> {})
/\ persistedOps = (p :> {} @@ r :> {})
/\ replaying = (p :> FALSE @@ r :> FALSE)
/\ writeTerm = <<0, 0, 0>>
/\ sessionTerm = (p :> 0 @@ r :> 0)
/\ activePrimaryApplySafe = TRUE
/\ promotionSafe = TRUE
/\ sessionFinalizePreparing = (p :> FALSE @@ r :> FALSE)
/\ tombstoneSeqNext = (p :> (x :> 0 @@ y :> 0) @@ r :> (x :> 0 @@ y :> 0))
/\ sessionCursor = (p :> 0 @@ r :> 0)
/\ writeDoc = <<x, x, x>>
/\ sharedHolders = (p :> {} @@ r :> {})
/\ raftLog = <<>>
/\ copyMode = (p :> "Active" @@ r :> "Active")
/\ messages = {}
/\ ackMembershipSafe = TRUE
/\ views = ( p :>
      [ term |-> 1,
        primary |-> p,
        inSync |-> {r},
        initialized |-> TRUE,
        allocations |-> (p :> 1 @@ r :> 1),
        replicas |-> {r},
        unassigned |-> 0,
        members |-> {p, r} ] @@
  r :>
      [ term |-> 1,
        primary |-> p,
        inSync |-> {r},
        initialized |-> TRUE,
        allocations |-> (p :> 1 @@ r :> 1),
        replicas |-> {r},
        unassigned |-> 0,
        members |-> {p, r} ] )
/\ persistedProcessedNext = (p :> 0 @@ r :> 0)
/\ alive = (p :> TRUE @@ r :> TRUE)
/\ diskLost = (p :> FALSE @@ r :> FALSE)
/\ lifecyclePhase = (p :> "Idle" @@ r :> "Idle")
/\ writeWait = <<{}, {}, {}>>

State 2: <D1ScenarioSubmit1 line 833, col 5 to line 834, col 33 of module MC_D1_SeqNoApply>
/\ writeStatus = <<"Routed", "Unused", "Unused">>
/\ nextWrite = 2
/\ writeTarget = <<p, "NO_NODE", "NO_NODE">>
/\ writeDoc = <<y, x, x>>

State 3: <D1ScenarioSubmit2 line 837, col 5 to line 839, col 33 of module MC_D1_SeqNoApply>
/\ writeStatus = <<"Routed", "Routed", "Unused">>
/\ nextWrite = 3
/\ writeTarget = <<p, p, "NO_NODE">>

State 4: <D1ScenarioSubmit3 line 842, col 5 to line 845, col 36 of module MC_D1_SeqNoApply>
/\ writeKind = <<"Put", "Put", "Delete">>
/\ writeStatus = <<"Routed", "Routed", "Routed">>
/\ nextWrite = 4
/\ writeTarget = <<p, p, p>>

State 5: <D1ScenarioAccept1 line 848, col 5 to line 851, col 25 of module MC_D1_SeqNoApply>
/\ docValue = (p :> (x :> 0 @@ y :> 1) @@ r :> (x :> 0 @@ y :> 0))
/\ docSeqNext = (p :> (x :> 0 @@ y :> 1) @@ r :> (x :> 0 @@ y :> 0))
/\ nextSeq = (p :> 1 @@ r :> 0)
/\ durableOps = (p :> {1} @@ r :> {})
/\ writePrimary = <<p, "NO_NODE", "NO_NODE">>
/\ maxSeqNext = (p :> 1 @@ r :> 0)
/\ writeStatus = <<"Replicating", "Routed", "Routed">>
/\ writeRequired = <<{r}, {}, {}>>
/\ processedSeqs = (p :> {0} @@ r :> {})
/\ walOrder = (p :> <<1>> @@ r :> <<>>)
/\ processedNext = (p :> 1 @@ r :> 0)
/\ ops = (p :> {1} @@ r :> {})
/\ writeTerm = <<1, 0, 0>>
/\ sharedHolders = (p :> {1} @@ r :> {})
/\ messages = { [ seq |-> 0,
    write |-> 1,
    to |-> r,
    from |-> p,
    fromEpoch |-> 0,
    term |-> 1,
    indexUuid |-> "INDEX_UUID",
    targetAllocation |-> 1,
    kind |-> "Replicate",
    toEpoch |-> 0 ] }
/\ writeWait = <<{r}, {}, {}>>

State 6: <D1ScenarioAccept2 line 854, col 5 to line 856, col 25 of module MC_D1_SeqNoApply>
/\ docValue = (p :> (x :> 2 @@ y :> 1) @@ r :> (x :> 0 @@ y :> 0))
/\ docSeqNext = (p :> (x :> 2 @@ y :> 1) @@ r :> (x :> 0 @@ y :> 0))
/\ nextSeq = (p :> 2 @@ r :> 0)
/\ durableOps = (p :> {1, 2} @@ r :> {})
/\ writePrimary = <<p, p, "NO_NODE">>
/\ writeSeq = <<0, 1, 0>>
/\ maxSeqNext = (p :> 2 @@ r :> 0)
/\ writeStatus = <<"Replicating", "Replicating", "Routed">>
/\ writeRequired = <<{r}, {r}, {}>>
/\ processedSeqs = (p :> {0, 1} @@ r :> {})
/\ walOrder = (p :> <<1, 2>> @@ r :> <<>>)
/\ processedNext = (p :> 2 @@ r :> 0)
/\ ops = (p :> {1, 2} @@ r :> {})
/\ writeTerm = <<1, 1, 0>>
/\ sharedHolders = (p :> {1, 2} @@ r :> {})
/\ messages = { [ seq |-> 0,
    write |-> 1,
    to |-> r,
    from |-> p,
    fromEpoch |-> 0,
    term |-> 1,
    indexUuid |-> "INDEX_UUID",
    targetAllocation |-> 1,
    kind |-> "Replicate",
    toEpoch |-> 0 ],
  [ seq |-> 1,
    write |-> 2,
    to |-> r,
    from |-> p,
    fromEpoch |-> 0,
    term |-> 1,
    indexUuid |-> "INDEX_UUID",
    targetAllocation |-> 1,
    kind |-> "Replicate",
    toEpoch |-> 0 ] }
/\ writeWait = <<{r}, {r}, {}>>

State 7: <D1ScenarioAccept3 line 859, col 5 to line 861, col 25 of module MC_D1_SeqNoApply>
/\ docValue = (p :> (x :> 3 @@ y :> 1) @@ r :> (x :> 0 @@ y :> 0))
/\ docSeqNext = (p :> (x :> 3 @@ y :> 1) @@ r :> (x :> 0 @@ y :> 0))
/\ nextSeq = (p :> 3 @@ r :> 0)
/\ durableOps = (p :> {1, 2, 3} @@ r :> {})
/\ writePrimary = <<p, p, p>>
/\ writeSeq = <<0, 1, 2>>
/\ maxSeqNext = (p :> 3 @@ r :> 0)
/\ writeStatus = <<"Replicating", "Replicating", "Replicating">>
/\ writeRequired = <<{r}, {r}, {r}>>
/\ processedSeqs = (p :> {0, 1, 2} @@ r :> {})
/\ walOrder = (p :> <<1, 2, 3>> @@ r :> <<>>)
/\ processedNext = (p :> 3 @@ r :> 0)
/\ ops = (p :> {1, 2, 3} @@ r :> {})
/\ writeTerm = <<1, 1, 1>>
/\ tombstoneSeqNext = (p :> (x :> 3 @@ y :> 0) @@ r :> (x :> 0 @@ y :> 0))
/\ sharedHolders = (p :> {1, 2, 3} @@ r :> {})
/\ messages = { [ seq |-> 0,
    write |-> 1,
    to |-> r,
    from |-> p,
    fromEpoch |-> 0,
    term |-> 1,
    indexUuid |-> "INDEX_UUID",
    targetAllocation |-> 1,
    kind |-> "Replicate",
    toEpoch |-> 0 ],
  [ seq |-> 1,
    write |-> 2,
    to |-> r,
    from |-> p,
    fromEpoch |-> 0,
    term |-> 1,
    indexUuid |-> "INDEX_UUID",
    targetAllocation |-> 1,
    kind |-> "Replicate",
    toEpoch |-> 0 ],
  [ seq |-> 2,
    write |-> 3,
    to |-> r,
    from |-> p,
    fromEpoch |-> 0,
    term |-> 1,
    indexUuid |-> "INDEX_UUID",
    targetAllocation |-> 1,
    kind |-> "Replicate",
    toEpoch |-> 0 ] }
/\ writeWait = <<{r}, {r}, {r}>>

State 8: <D1ScenarioNext line 912, col 8 to line 912, col 64 of module MC_D1_SeqNoApply>
/\ docValue = (p :> (x :> 3 @@ y :> 1) @@ r :> (x :> 3 @@ y :> 0))
/\ docSeqNext = (p :> (x :> 3 @@ y :> 1) @@ r :> (x :> 3 @@ y :> 0))
/\ nextSeq = (p :> 3 @@ r :> 3)
/\ durableOps = (p :> {1, 2, 3} @@ r :> {3})
/\ maxSeqNext = (p :> 3 @@ r :> 3)
/\ processedSeqs = (p :> {0, 1, 2} @@ r :> {2})
/\ walOrder = (p :> <<1, 2, 3>> @@ r :> <<3>>)
/\ ops = (p :> {1, 2, 3} @@ r :> {3})
/\ tombstoneSeqNext = (p :> (x :> 3 @@ y :> 0) @@ r :> (x :> 3 @@ y :> 0))
/\ messages = { [ seq |-> 0,
    write |-> 1,
    to |-> r,
    from |-> p,
    fromEpoch |-> 0,
    term |-> 1,
    indexUuid |-> "INDEX_UUID",
    targetAllocation |-> 1,
    kind |-> "Replicate",
    toEpoch |-> 0 ],
  [ seq |-> 1,
    write |-> 2,
    to |-> r,
    from |-> p,
    fromEpoch |-> 0,
    term |-> 1,
    indexUuid |-> "INDEX_UUID",
    targetAllocation |-> 1,
    kind |-> "Replicate",
    toEpoch |-> 0 ],
  [ seq |-> 2,
    write |-> 3,
    to |-> p,
    from |-> r,
    fromEpoch |-> 0,
    term |-> 1,
    indexUuid |-> "INDEX_UUID",
    targetAllocation |-> 1,
    kind |-> "ReplicaAck",
    toEpoch |-> 0 ] }

State 9: <D1ScenarioNext line 913, col 8 to line 913, col 62 of module MC_D1_SeqNoApply>
/\ messages = { [ seq |-> 0,
    write |-> 1,
    to |-> r,
    from |-> p,
    fromEpoch |-> 0,
    term |-> 1,
    indexUuid |-> "INDEX_UUID",
    targetAllocation |-> 1,
    kind |-> "Replicate",
    toEpoch |-> 0 ],
  [ seq |-> 1,
    write |-> 2,
    to |-> r,
    from |-> p,
    fromEpoch |-> 0,
    term |-> 1,
    indexUuid |-> "INDEX_UUID",
    targetAllocation |-> 1,
    kind |-> "Replicate",
    toEpoch |-> 0 ] }
/\ writeWait = <<{r}, {r}, {}>>

State 10: <D1PrimaryAck line 390, col 5 to line 393, col 66 of module MC_D1_SeqNoApply>
/\ acked = {3}
/\ writeStatus = <<"Replicating", "Replicating", "Acked">>
/\ sharedHolders = (p :> {1, 2} @@ r :> {})

State 11: <D1ScenarioCommit line 872, col 5 to line 875, col 22 of module MC_D1_SeqNoApply>
/\ persistedDocSeqNext = (p :> (x :> 0 @@ y :> 0) @@ r :> (x :> 3 @@ y :> 0))
/\ commitDone = TRUE
/\ persistedTombstoneSeqNext = (p :> (x :> 0 @@ y :> 0) @@ r :> (x :> 3 @@ y :> 0))
/\ persistedDocValue = (p :> (x :> 0 @@ y :> 0) @@ r :> (x :> 3 @@ y :> 0))
/\ persistedMaxSeqNext = (p :> 0 @@ r :> 3)
/\ committed = (p :> 0 @@ r :> 3)
/\ persistedOps = (p :> {} @@ r :> {3})
/\ persistedProcessedNext = (p :> 0 @@ r :> 3)

State 12: <D1ScenarioNext line 912, col 8 to line 912, col 64 of module MC_D1_SeqNoApply>
/\ docValue = (p :> (x :> 3 @@ y :> 1) @@ r :> (x :> 2 @@ y :> 0))
/\ docSeqNext = (p :> (x :> 3 @@ y :> 1) @@ r :> (x :> 2 @@ y :> 0))
/\ durableOps = (p :> {1, 2, 3} @@ r :> {2, 3})
/\ processedSeqs = (p :> {0, 1, 2} @@ r :> {1, 2})
/\ walOrder = (p :> <<1, 2, 3>> @@ r :> <<3, 2>>)
/\ ops = (p :> {1, 2, 3} @@ r :> {2, 3})
/\ tombstoneSeqNext = (p :> (x :> 3 @@ y :> 0) @@ r :> (x :> 0 @@ y :> 0))
/\ messages = { [ seq |-> 0,
    write |-> 1,
    to |-> r,
    from |-> p,
    fromEpoch |-> 0,
    term |-> 1,
    indexUuid |-> "INDEX_UUID",
    targetAllocation |-> 1,
    kind |-> "Replicate",
    toEpoch |-> 0 ],
  [ seq |-> 1,
    write |-> 2,
    to |-> p,
    from |-> r,
    fromEpoch |-> 0,
    term |-> 1,
    indexUuid |-> "INDEX_UUID",
    targetAllocation |-> 1,
    kind |-> "ReplicaAck",
    toEpoch |-> 0 ] }

State 13: <D1ScenarioNext line 912, col 8 to line 912, col 64 of module MC_D1_SeqNoApply>
/\ docValue = (p :> (x :> 3 @@ y :> 1) @@ r :> (x :> 2 @@ y :> 1))
/\ docSeqNext = (p :> (x :> 3 @@ y :> 1) @@ r :> (x :> 2 @@ y :> 1))
/\ durableOps = (p :> {1, 2, 3} @@ r :> {1, 2, 3})
/\ processedSeqs = (p :> {0, 1, 2} @@ r :> {0, 1, 2})
/\ walOrder = (p :> <<1, 2, 3>> @@ r :> <<3, 2, 1>>)
/\ processedNext = (p :> 3 @@ r :> 3)
/\ ops = (p :> {1, 2, 3} @@ r :> {1, 2, 3})
/\ messages = { [ seq |-> 0,
    write |-> 1,
    to |-> p,
    from |-> r,
    fromEpoch |-> 0,
    term |-> 1,
    indexUuid |-> "INDEX_UUID",
    targetAllocation |-> 1,
    kind |-> "ReplicaAck",
    toEpoch |-> 0 ],
  [ seq |-> 1,
    write |-> 2,
    to |-> p,
    from |-> r,
    fromEpoch |-> 0,
    term |-> 1,
    indexUuid |-> "INDEX_UUID",
    targetAllocation |-> 1,
    kind |-> "ReplicaAck",
    toEpoch |-> 0 ] }

State 14: <D1ScenarioNext line 913, col 8 to line 913, col 62 of module MC_D1_SeqNoApply>
/\ messages = { [ seq |-> 1,
    write |-> 2,
    to |-> p,
    from |-> r,
    fromEpoch |-> 0,
    term |-> 1,
    indexUuid |-> "INDEX_UUID",
    targetAllocation |-> 1,
    kind |-> "ReplicaAck",
    toEpoch |-> 0 ] }
/\ writeWait = <<{}, {r}, {}>>

State 15: <D1PrimaryAck line 390, col 5 to line 393, col 66 of module MC_D1_SeqNoApply>
/\ acked = {1, 3}
/\ writeStatus = <<"Acked", "Replicating", "Acked">>
/\ sharedHolders = (p :> {2} @@ r :> {})

State 16: <D1ScenarioRedeliver line 882, col 5 to line 884, col 21 of module MC_D1_SeqNoApply>
/\ duplicateSent = TRUE
/\ messages = { [ seq |-> 1,
    write |-> 2,
    to |-> p,
    from |-> r,
    fromEpoch |-> 0,
    term |-> 1,
    indexUuid |-> "INDEX_UUID",
    targetAllocation |-> 1,
    kind |-> "ReplicaAck",
    toEpoch |-> 0 ],
  [ seq |-> 1,
    write |-> 2,
    to |-> r,
    from |-> p,
    fromEpoch |-> 0,
    term |-> 1,
    indexUuid |-> "INDEX_UUID",
    targetAllocation |-> 1,
    kind |-> "Replicate",
    toEpoch |-> 0 ] }

State 17: <D1ScenarioNext line 912, col 8 to line 912, col 64 of module MC_D1_SeqNoApply>
/\ walOrder = (p :> <<1, 2, 3>> @@ r :> <<3, 2, 1, 2>>)
/\ messages = { [ seq |-> 1,
    write |-> 2,
    to |-> p,
    from |-> r,
    fromEpoch |-> 0,
    term |-> 1,
    indexUuid |-> "INDEX_UUID",
    targetAllocation |-> 1,
    kind |-> "ReplicaAck",
    toEpoch |-> 0 ] }

State 18: <D1ScenarioNext line 913, col 8 to line 913, col 62 of module MC_D1_SeqNoApply>
/\ messages = {}
/\ writeWait = <<{}, {}, {}>>

State 19: <D1PrimaryAck line 390, col 5 to line 393, col 66 of module MC_D1_SeqNoApply>
/\ acked = {1, 2, 3}
/\ writeStatus = <<"Acked", "Acked", "Acked">>
/\ sharedHolders = (p :> {} @@ r :> {})

State 20: <D1CrashReplica line 504, col 5 to line 529, col 23 of module MC_D1_SeqNoApply>
/\ crashDone = TRUE
/\ raftConnected = (p :> TRUE @@ r :> FALSE)
/\ alive = (p :> TRUE @@ r :> FALSE)

State 21: <D1RestartReplica line 534, col 5 to line 582, col 52 of module MC_D1_SeqNoApply>
/\ docValue = (p :> (x :> 3 @@ y :> 1) @@ r :> (x :> 3 @@ y :> 0))
/\ docSeqNext = (p :> (x :> 3 @@ y :> 1) @@ r :> (x :> 3 @@ y :> 0))
/\ durableOps = (p :> {1, 2, 3} @@ r :> {3})
/\ epoch = (p :> 0 @@ r :> 1)
/\ replayBoundary = (p :> 0 @@ r :> 3)
/\ raftConnected = (p :> TRUE @@ r :> TRUE)
/\ ops = (p :> {1, 2, 3} @@ r :> {3})
/\ replaying = (p :> FALSE @@ r :> TRUE)
/\ tombstoneSeqNext = (p :> (x :> 3 @@ y :> 0) @@ r :> (x :> 3 @@ y :> 0))
/\ alive = (p :> TRUE @@ r :> TRUE)

State 22: <D1ReplaySkip line 588, col 5 to line 598, col 58 of module MC_D1_SeqNoApply>
/\ replayPos = (p :> 1 @@ r :> 2)

State 23: <D1ReplaySkip line 588, col 5 to line 598, col 58 of module MC_D1_SeqNoApply>
/\ replayPos = (p :> 1 @@ r :> 3)

State 24: <D1ReplaySkip line 588, col 5 to line 598, col 58 of module MC_D1_SeqNoApply>
/\ replayPos = (p :> 1 @@ r :> 4)

State 25: <D1ReplaySkip line 588, col 5 to line 598, col 58 of module MC_D1_SeqNoApply>
/\ replayPos = (p :> 1 @@ r :> 5)

State 26: <D1FinishReplay line 738, col 5 to line 750, col 43 of module MC_D1_SeqNoApply>
/\ pendingRaft = {}
/\ storageFaultInjected = FALSE
/\ raftVoters = {p, r}
/\ docValue = (p :> (x :> 3 @@ y :> 1) @@ r :> (x :> 3 @@ y :> 0))
/\ docSeqNext = (p :> (x :> 3 @@ y :> 1) @@ r :> (x :> 3 @@ y :> 0))
/\ sessionBumpSubmitted = (p :> FALSE @@ r :> FALSE)
/\ copyAllocation = (p :> 1 @@ r :> 1)
/\ sessionHead = (p :> 0 @@ r :> 0)
/\ crashDone = TRUE
/\ admissionSafe = TRUE
/\ nextSeq = (p :> 3 @@ r :> 3)
/\ writeKind = <<"Put", "Put", "Delete">>
/\ writeEpoch = <<0, 0, 0>>
/\ staleApplySafe = TRUE
/\ raftLeader = p
/\ sessionSourceEpoch = (p :> 0 @@ r :> 0)
/\ applied = (p :> 0 @@ r :> 0)
/\ installMarker = (p :> FALSE @@ r :> FALSE)
/\ persistedDocSeqNext = (p :> (x :> 0 @@ y :> 0) @@ r :> (x :> 3 @@ y :> 0))
/\ pendingTerm = (p :> 0 @@ r :> 0)
/\ duplicateSent = TRUE
/\ authoritativeWipeSafe = TRUE
/\ acked = {1, 2, 3}
/\ durableOps = (p :> {1, 2, 3} @@ r :> {3})
/\ replayComplete = (p :> FALSE @@ r :> TRUE)
/\ truncBelow = (p :> 0 @@ r :> 0)
/\ routing = [ term |-> 1,
  primary |-> p,
  inSync |-> {r},
  initialized |-> TRUE,
  allocations |-> (p :> 1 @@ r :> 1),
  replicas |-> {r},
  unassigned |-> 0,
  members |-> {p, r} ]
/\ faultsStopped = FALSE
/\ replicaFence = (p :> 1 @@ r :> 1)
/\ commitDone = TRUE
/\ persistedTombstoneSeqNext = (p :> (x :> 0 @@ y :> 0) @@ r :> (x :> 3 @@ y :> 0))
/\ pendingPrimary = (p :> "NO_NODE" @@ r :> "NO_NODE")
/\ writePrimary = <<p, p, p>>
/\ writeSeq = <<0, 1, 2>>
/\ pendingAllocation = (p :> 0 @@ r :> 0)
/\ pins = (p :> {} @@ r :> {})
/\ maxSeqNext = (p :> 3 @@ r :> 3)
/\ tombstoneOld = (p :> {} @@ r :> {})
/\ epoch = (p :> 0 @@ r :> 1)
/\ copyUuid = (p :> "INDEX_UUID" @@ r :> "INDEX_UUID")
/\ exclusiveHolder = (p :> "NO_NODE" @@ r :> "NO_NODE")
/\ copyExists = (p :> TRUE @@ r :> TRUE)
/\ tombstonePruneSafe = TRUE
/\ persistedDocValue = (p :> (x :> 0 @@ y :> 0) @@ r :> (x :> 3 @@ y :> 0))
/\ crashCount = 0
/\ partitionCount = 0
/\ sessionMarkSubmitted = (p :> FALSE @@ r :> FALSE)
/\ persistedMaxSeqNext = (p :> 0 @@ r :> 3)
/\ pruneDone = FALSE
/\ replayBoundary = (p :> 0 @@ r :> 3)
/\ writeStatus = <<"Acked", "Acked", "Acked">>
/\ sessionSource = (p :> "NO_NODE" @@ r :> "NO_NODE")
/\ sessionBoundary = (p :> 0 @@ r :> 0)
/\ replayPos = (p :> 1 @@ r :> 5)
/\ termMonotonic = TRUE
/\ activated = (p :> 1 @@ r :> 0)
/\ sessionSettlementRunning = (p :> FALSE @@ r :> FALSE)
/\ writeRequired = <<{r}, {r}, {r}>>
/\ processedSeqs = (p :> {0, 1, 2} @@ r :> {0, 1, 2})
/\ sessionFetched = (p :> 0 @@ r :> 0)
/\ raftConnected = (p :> TRUE @@ r :> TRUE)
/\ activationPending = (p :> 0 @@ r :> 0)
/\ nextWrite = 4
/\ sessionAllocation = (p :> 0 @@ r :> 0)
/\ walOrder = (p :> <<1, 2, 3>> @@ r :> <<3, 2, 1, 2>>)
/\ replaySafe = TRUE
/\ sessionPhase = (p :> "None" @@ r :> "None")
/\ recoveryAttempts = 0
/\ writeTarget = <<p, p, p>>
/\ processedNext = (p :> 3 @@ r :> 3)
/\ committed = (p :> 0 @@ r :> 3)
/\ failed = {}
/\ durableReplicaFence = (p :> 1 @@ r :> 1)
/\ ops = (p :> {1, 2, 3} @@ r :> {3})
/\ sessionSnapshot = (p :> {} @@ r :> {})
/\ persistedOps = (p :> {} @@ r :> {3})
/\ replaying = (p :> FALSE @@ r :> FALSE)
/\ writeTerm = <<1, 1, 1>>
/\ sessionTerm = (p :> 0 @@ r :> 0)
/\ activePrimaryApplySafe = TRUE
/\ promotionSafe = TRUE
/\ sessionFinalizePreparing = (p :> FALSE @@ r :> FALSE)
/\ tombstoneSeqNext = (p :> (x :> 3 @@ y :> 0) @@ r :> (x :> 3 @@ y :> 0))
/\ sessionCursor = (p :> 0 @@ r :> 0)
/\ writeDoc = <<y, x, x>>
/\ sharedHolders = (p :> {} @@ r :> {})
/\ raftLog = <<>>
/\ copyMode = (p :> "Active" @@ r :> "Active")
/\ messages = {}
/\ ackMembershipSafe = TRUE
/\ views = ( p :>
      [ term |-> 1,
        primary |-> p,
        inSync |-> {r},
        initialized |-> TRUE,
        allocations |-> (p :> 1 @@ r :> 1),
        replicas |-> {r},
        unassigned |-> 0,
        members |-> {p, r} ] @@
  r :>
      [ term |-> 1,
        primary |-> p,
        inSync |-> {r},
        initialized |-> TRUE,
        allocations |-> (p :> 1 @@ r :> 1),
        replicas |-> {r},
        unassigned |-> 0,
        members |-> {p, r} ] )
/\ persistedProcessedNext = (p :> 0 @@ r :> 3)
/\ alive = (p :> TRUE @@ r :> TRUE)
/\ diskLost = (p :> FALSE @@ r :> FALSE)
/\ lifecyclePhase = (p :> "Idle" @@ r :> "Idle")
/\ writeWait = <<{}, {}, {}>>

457 states generated, 201 distinct states found, 0 states left on queue.
The depth of the complete state graph search is 26.
The average outdegree of the complete state graph is 1 (minimum is 0, the maximum 3 and the 95th percentile is 2).
Finished in 02s at (2026-09-28 03:59:51)
