TLC2 Version 2.19 of 08 August 2024 (rev: 5a47802)
Running breadth-first search Model-Checking with fp 45 and seed -2396982098921908365 with 8 workers on 16 cores with 7127MB heap and 64MB offheap memory [pid: 37478] (Linux 6.6.87.2-microsoft-standard-WSL2 amd64, Amazon.com Inc. 25.0.2 x86_64, MSBDiskFPSet, DiskStateQueue).
Parsing file /home/rchilaka/ROpenSearch/specs/tla/MC_FenceDurability.tla
Parsing file /home/rchilaka/ROpenSearch/specs/tla/MC_C2.tla
Parsing file /home/rchilaka/ROpenSearch/specs/tla/Invariants.tla
Parsing file /home/rchilaka/ROpenSearch/specs/tla/Faults.tla
Parsing file /home/rchilaka/ROpenSearch/specs/tla/PeerRecovery.tla
Parsing file /home/rchilaka/ROpenSearch/specs/tla/ShardReplication.tla
Parsing file /home/rchilaka/ROpenSearch/specs/tla/RaftLog.tla
Parsing file /tmp/ferrissearch-tla.YOjWCK/fence-volatile/java-tmp/Naturals.tla
Parsing file /tmp/ferrissearch-tla.YOjWCK/fence-volatile/java-tmp/Sequences.tla
Parsing file /tmp/ferrissearch-tla.YOjWCK/fence-volatile/java-tmp/FiniteSets.tla
Parsing file /tmp/ferrissearch-tla.YOjWCK/fence-volatile/java-tmp/TLC.tla
Semantic processing of module Naturals
Semantic processing of module Sequences
Semantic processing of module FiniteSets
Semantic processing of module TLC
Semantic processing of module RaftLog
Semantic processing of module ShardReplication
Semantic processing of module PeerRecovery
Semantic processing of module Faults
Semantic processing of module Invariants
Semantic processing of module MC_C2
Semantic processing of module MC_FenceDurability
Starting... (2026-09-26 19:37:21)
Computing initial states...
Finished computing initial states: 1 distinct state generated at 2026-09-26 19:37:21.
Error: Invariant FenceRejectsStaleProbe is violated.
Error: The behavior up to this point is:
State 1: <Initial predicate>
/\ pendingRaft = {}
/\ raftVoters = {n1, n2, n3}
/\ docValue = (n1 :> (d1 :> 0) @@ n2 :> (d1 :> 0) @@ n3 :> (d1 :> 0))
/\ sessionBumpSubmitted = (n1 :> FALSE @@ n2 :> FALSE @@ n3 :> FALSE)
/\ copyAllocation = (n1 :> 1 @@ n2 :> 1 @@ n3 :> 1)
/\ sessionHead = (n1 :> 0 @@ n2 :> 0 @@ n3 :> 0)
/\ admissionSafe = TRUE
/\ nextSeq = (n1 :> 0 @@ n2 :> 0 @@ n3 :> 0)
/\ writeKind = <<"Put", "Put">>
/\ writeEpoch = <<0, 0>>
/\ staleApplySafe = TRUE
/\ raftLeader = n2
/\ sessionSourceEpoch = (n1 :> 0 @@ n2 :> 0 @@ n3 :> 0)
/\ applied = (n1 :> 0 @@ n2 :> 0 @@ n3 :> 0)
/\ installMarker = (n1 :> FALSE @@ n2 :> FALSE @@ n3 :> FALSE)
/\ pendingTerm = (n1 :> 0 @@ n2 :> 0 @@ n3 :> 0)
/\ authoritativeWipeSafe = TRUE
/\ acked = {}
/\ durableOps = (n1 :> {} @@ n2 :> {} @@ n3 :> {})
/\ truncBelow = (n1 :> 0 @@ n2 :> 0 @@ n3 :> 0)
/\ routing = [ inSync |-> {n2, n3},
  primary |-> n1,
  term |-> 1,
  allocations |-> (n1 :> 1 @@ n2 :> 1 @@ n3 :> 1),
  initialized |-> TRUE,
  replicas |-> {n2, n3},
  unassigned |-> 0,
  members |-> {n1, n2, n3} ]
/\ faultsStopped = FALSE
/\ replicaFence = (n1 :> 1 @@ n2 :> 1 @@ n3 :> 1)
/\ pendingPrimary = (n1 :> "NO_NODE" @@ n2 :> "NO_NODE" @@ n3 :> "NO_NODE")
/\ writePrimary = <<"NO_NODE", "NO_NODE">>
/\ writeSeq = <<0, 0>>
/\ pendingAllocation = (n1 :> 0 @@ n2 :> 0 @@ n3 :> 0)
/\ pins = (n1 :> {} @@ n2 :> {} @@ n3 :> {})
/\ epoch = (n1 :> 0 @@ n2 :> 0 @@ n3 :> 0)
/\ copyUuid = (n1 :> "INDEX_UUID" @@ n2 :> "INDEX_UUID" @@ n3 :> "INDEX_UUID")
/\ exclusiveHolder = (n1 :> "NO_NODE" @@ n2 :> "NO_NODE" @@ n3 :> "NO_NODE")
/\ copyExists = (n1 :> TRUE @@ n2 :> TRUE @@ n3 :> TRUE)
/\ crashCount = 0
/\ partitionCount = 0
/\ sessionMarkSubmitted = (n1 :> FALSE @@ n2 :> FALSE @@ n3 :> FALSE)
/\ writeStatus = <<"Unused", "Unused">>
/\ sessionSource = (n1 :> "NO_NODE" @@ n2 :> "NO_NODE" @@ n3 :> "NO_NODE")
/\ sessionBoundary = (n1 :> 0 @@ n2 :> 0 @@ n3 :> 0)
/\ termMonotonic = TRUE
/\ activated = (n1 :> 1 @@ n2 :> 0 @@ n3 :> 0)
/\ sessionSettlementRunning = (n1 :> FALSE @@ n2 :> FALSE @@ n3 :> FALSE)
/\ writeRequired = <<{}, {}>>
/\ sessionFetched = (n1 :> 0 @@ n2 :> 0 @@ n3 :> 0)
/\ raftConnected = (n1 :> TRUE @@ n2 :> TRUE @@ n3 :> TRUE)
/\ activationPending = (n1 :> 0 @@ n2 :> 0 @@ n3 :> 0)
/\ nextWrite = 1
/\ sessionAllocation = (n1 :> 0 @@ n2 :> 0 @@ n3 :> 0)
/\ sessionPhase = (n1 :> "None" @@ n2 :> "None" @@ n3 :> "None")
/\ recoveryAttempts = 0
/\ writeTarget = <<"NO_NODE", "NO_NODE">>
/\ committed = (n1 :> 0 @@ n2 :> 0 @@ n3 :> 0)
/\ failed = {}
/\ durableReplicaFence = (n1 :> 0 @@ n2 :> 0 @@ n3 :> 0)
/\ ops = (n1 :> {} @@ n2 :> {} @@ n3 :> {})
/\ sessionSnapshot = (n1 :> {} @@ n2 :> {} @@ n3 :> {})
/\ writeTerm = <<0, 0>>
/\ sessionTerm = (n1 :> 0 @@ n2 :> 0 @@ n3 :> 0)
/\ activePrimaryApplySafe = TRUE
/\ promotionSafe = TRUE
/\ sessionFinalizePreparing = (n1 :> FALSE @@ n2 :> FALSE @@ n3 :> FALSE)
/\ sessionCursor = (n1 :> 0 @@ n2 :> 0 @@ n3 :> 0)
/\ writeDoc = <<d1, d1>>
/\ sharedHolders = (n1 :> {} @@ n2 :> {} @@ n3 :> {})
/\ raftLog = <<>>
/\ copyMode = (n1 :> "Active" @@ n2 :> "Active" @@ n3 :> "Active")
/\ messages = {}
/\ ackMembershipSafe = TRUE
/\ views = ( n1 :>
      [ inSync |-> {n2, n3},
        primary |-> n1,
        term |-> 1,
        allocations |-> (n1 :> 1 @@ n2 :> 1 @@ n3 :> 1),
        initialized |-> TRUE,
        replicas |-> {n2, n3},
        unassigned |-> 0,
        members |-> {n1, n2, n3} ] @@
  n2 :>
      [ inSync |-> {n2, n3},
        primary |-> n1,
        term |-> 1,
        allocations |-> (n1 :> 1 @@ n2 :> 1 @@ n3 :> 1),
        initialized |-> TRUE,
        replicas |-> {n2, n3},
        unassigned |-> 0,
        members |-> {n1, n2, n3} ] @@
  n3 :>
      [ inSync |-> {n2, n3},
        primary |-> n1,
        term |-> 1,
        allocations |-> (n1 :> 1 @@ n2 :> 1 @@ n3 :> 1),
        initialized |-> TRUE,
        replicas |-> {n2, n3},
        unassigned |-> 0,
        members |-> {n1, n2, n3} ] )
/\ alive = (n1 :> TRUE @@ n2 :> TRUE @@ n3 :> TRUE)
/\ diskLost = (n1 :> FALSE @@ n2 :> FALSE @@ n3 :> FALSE)
/\ lifecyclePhase = (n1 :> "Idle" @@ n2 :> "Idle" @@ n3 :> "Idle")
/\ writeWait = <<{}, {}>>

State 2: <FencePartition line 98, col 5 to line 99, col 32 of module MC_FenceDurability>
/\ partitionCount = 1
/\ raftConnected = (n1 :> FALSE @@ n2 :> TRUE @@ n3 :> TRUE)

State 3: <FenceSuspect line 102, col 5 to line 103, col 32 of module MC_FenceDurability>
/\ pendingRaft = { [ kind |-> "UpdateRouting",
    expectedAllocation |-> 0,
    target |-> n1,
    actor |-> n2,
    newReplicas |-> {n3},
    newPrimary |-> n2,
    newUnassigned |-> 1,
    newAllocations |-> (n1 :> 0 @@ n2 :> 1 @@ n3 :> 1),
    expectedPrimary |-> "NO_NODE",
    expectedTerm |-> 0 ] }
/\ lifecyclePhase = (n1 :> "RoutingProposed" @@ n2 :> "Idle" @@ n3 :> "Idle")

State 4: <FenceDurabilityNext line 110, col 8 to line 112, col 70 of module MC_FenceDurability>
/\ pendingRaft = {}
/\ applied = (n1 :> 0 @@ n2 :> 1 @@ n3 :> 0)
/\ routing = [ inSync |-> {n3},
  primary |-> n2,
  term |-> 2,
  allocations |-> (n1 :> 0 @@ n2 :> 1 @@ n3 :> 1),
  initialized |-> TRUE,
  replicas |-> {n3},
  unassigned |-> 1,
  members |-> {n1, n2, n3} ]
/\ replicaFence = (n1 :> 1 @@ n2 :> 2 @@ n3 :> 1)
/\ raftLog = << [ command |->
         [ kind |-> "UpdateRouting",
           expectedAllocation |-> 0,
           target |-> n1,
           actor |-> n2,
           newReplicas |-> {n3},
           newPrimary |-> n2,
           newUnassigned |-> 1,
           newAllocations |-> (n1 :> 0 @@ n2 :> 1 @@ n3 :> 1),
           expectedPrimary |-> "NO_NODE",
           expectedTerm |-> 0 ],
     state |->
         [ inSync |-> {n3},
           primary |-> n2,
           term |-> 2,
           allocations |-> (n1 :> 0 @@ n2 :> 1 @@ n3 :> 1),
           initialized |-> TRUE,
           replicas |-> {n3},
           unassigned |-> 1,
           members |-> {n1, n2, n3} ],
     accepted |-> TRUE ] >>
/\ views = ( n1 :>
      [ inSync |-> {n2, n3},
        primary |-> n1,
        term |-> 1,
        allocations |-> (n1 :> 1 @@ n2 :> 1 @@ n3 :> 1),
        initialized |-> TRUE,
        replicas |-> {n2, n3},
        unassigned |-> 0,
        members |-> {n1, n2, n3} ] @@
  n2 :>
      [ inSync |-> {n3},
        primary |-> n2,
        term |-> 2,
        allocations |-> (n1 :> 0 @@ n2 :> 1 @@ n3 :> 1),
        initialized |-> TRUE,
        replicas |-> {n3},
        unassigned |-> 1,
        members |-> {n1, n2, n3} ] @@
  n3 :>
      [ inSync |-> {n2, n3},
        primary |-> n1,
        term |-> 1,
        allocations |-> (n1 :> 1 @@ n2 :> 1 @@ n3 :> 1),
        initialized |-> TRUE,
        replicas |-> {n2, n3},
        unassigned |-> 0,
        members |-> {n1, n2, n3} ] )

State 5: <FenceDurabilityNext line 106, col 8 to line 109, col 61 of module MC_FenceDurability>
/\ pendingRaft = { [ kind |-> "ActivatePrimary",
    expectedAllocation |-> 1,
    target |-> n2,
    actor |-> n2,
    newReplicas |-> {},
    newPrimary |-> n2,
    newUnassigned |-> 0,
    newAllocations |-> (n1 :> 0 @@ n2 :> 0 @@ n3 :> 0),
    expectedPrimary |-> n2,
    expectedTerm |-> 2 ] }
/\ activationPending = (n1 :> 0 @@ n2 :> 2 @@ n3 :> 0)

State 6: <FenceDurabilityNext line 110, col 8 to line 112, col 70 of module MC_FenceDurability>
/\ pendingRaft = {}
/\ applied = (n1 :> 0 @@ n2 :> 2 @@ n3 :> 0)
/\ routing = [ inSync |-> {n3},
  primary |-> n2,
  term |-> 3,
  allocations |-> (n1 :> 0 @@ n2 :> 1 @@ n3 :> 1),
  initialized |-> TRUE,
  replicas |-> {n3},
  unassigned |-> 1,
  members |-> {n1, n2, n3} ]
/\ replicaFence = (n1 :> 1 @@ n2 :> 3 @@ n3 :> 1)
/\ raftLog = << [ command |->
         [ kind |-> "UpdateRouting",
           expectedAllocation |-> 0,
           target |-> n1,
           actor |-> n2,
           newReplicas |-> {n3},
           newPrimary |-> n2,
           newUnassigned |-> 1,
           newAllocations |-> (n1 :> 0 @@ n2 :> 1 @@ n3 :> 1),
           expectedPrimary |-> "NO_NODE",
           expectedTerm |-> 0 ],
     state |->
         [ inSync |-> {n3},
           primary |-> n2,
           term |-> 2,
           allocations |-> (n1 :> 0 @@ n2 :> 1 @@ n3 :> 1),
           initialized |-> TRUE,
           replicas |-> {n3},
           unassigned |-> 1,
           members |-> {n1, n2, n3} ],
     accepted |-> TRUE ],
   [ command |->
         [ kind |-> "ActivatePrimary",
           expectedAllocation |-> 1,
           target |-> n2,
           actor |-> n2,
           newReplicas |-> {},
           newPrimary |-> n2,
           newUnassigned |-> 0,
           newAllocations |-> (n1 :> 0 @@ n2 :> 0 @@ n3 :> 0),
           expectedPrimary |-> n2,
           expectedTerm |-> 2 ],
     state |->
         [ inSync |-> {n3},
           primary |-> n2,
           term |-> 3,
           allocations |-> (n1 :> 0 @@ n2 :> 1 @@ n3 :> 1),
           initialized |-> TRUE,
           replicas |-> {n3},
           unassigned |-> 1,
           members |-> {n1, n2, n3} ],
     accepted |-> TRUE ] >>
/\ views = ( n1 :>
      [ inSync |-> {n2, n3},
        primary |-> n1,
        term |-> 1,
        allocations |-> (n1 :> 1 @@ n2 :> 1 @@ n3 :> 1),
        initialized |-> TRUE,
        replicas |-> {n2, n3},
        unassigned |-> 0,
        members |-> {n1, n2, n3} ] @@
  n2 :>
      [ inSync |-> {n3},
        primary |-> n2,
        term |-> 3,
        allocations |-> (n1 :> 0 @@ n2 :> 1 @@ n3 :> 1),
        initialized |-> TRUE,
        replicas |-> {n3},
        unassigned |-> 1,
        members |-> {n1, n2, n3} ] @@
  n3 :>
      [ inSync |-> {n2, n3},
        primary |-> n1,
        term |-> 1,
        allocations |-> (n1 :> 1 @@ n2 :> 1 @@ n3 :> 1),
        initialized |-> TRUE,
        replicas |-> {n2, n3},
        unassigned |-> 0,
        members |-> {n1, n2, n3} ] )

State 7: <FenceDurabilityNext line 110, col 8 to line 112, col 70 of module MC_FenceDurability>
/\ activated = (n1 :> 1 @@ n2 :> 3 @@ n3 :> 0)
/\ activationPending = (n1 :> 0 @@ n2 :> 0 @@ n3 :> 0)

State 8: <FenceDurabilityNext line 106, col 8 to line 109, col 61 of module MC_FenceDurability>
/\ writeStatus = <<"Routed", "Unused">>
/\ nextWrite = 2
/\ writeTarget = <<n2, "NO_NODE">>

State 9: <FenceDurabilityNext line 106, col 8 to line 109, col 61 of module MC_FenceDurability>
/\ docValue = (n1 :> (d1 :> 0) @@ n2 :> (d1 :> 1) @@ n3 :> (d1 :> 0))
/\ nextSeq = (n1 :> 0 @@ n2 :> 1 @@ n3 :> 0)
/\ durableOps = (n1 :> {} @@ n2 :> {1} @@ n3 :> {})
/\ writePrimary = <<n2, "NO_NODE">>
/\ writeStatus = <<"Replicating", "Unused">>
/\ writeRequired = <<{n3}, {}>>
/\ ops = (n1 :> {} @@ n2 :> {1} @@ n3 :> {})
/\ writeTerm = <<3, 0>>
/\ sharedHolders = (n1 :> {} @@ n2 :> {1} @@ n3 :> {})
/\ messages = { [ term |-> 3,
    kind |-> "Replicate",
    write |-> 1,
    to |-> n3,
    from |-> n2,
    targetAllocation |-> 1,
    seq |-> 0,
    fromEpoch |-> 0,
    toEpoch |-> 0,
    indexUuid |-> "INDEX_UUID" ] }
/\ writeWait = <<{n3}, {}>>

State 10: <FenceDurabilityNext line 110, col 8 to line 112, col 70 of module MC_FenceDurability>
/\ docValue = (n1 :> (d1 :> 0) @@ n2 :> (d1 :> 1) @@ n3 :> (d1 :> 1))
/\ nextSeq = (n1 :> 0 @@ n2 :> 1 @@ n3 :> 1)
/\ durableOps = (n1 :> {} @@ n2 :> {1} @@ n3 :> {1})
/\ replicaFence = (n1 :> 1 @@ n2 :> 3 @@ n3 :> 3)
/\ ops = (n1 :> {} @@ n2 :> {1} @@ n3 :> {1})
/\ messages = { [ term |-> 3,
    kind |-> "ReplicaAck",
    write |-> 1,
    to |-> n2,
    from |-> n3,
    targetAllocation |-> 1,
    seq |-> 0,
    fromEpoch |-> 0,
    toEpoch |-> 0,
    indexUuid |-> "INDEX_UUID" ] }

State 11: <FenceDurabilityNext line 106, col 8 to line 109, col 61 of module MC_FenceDurability>
/\ messages = {}
/\ writeWait = <<{}, {}>>

State 12: <FenceDurabilityNext line 106, col 8 to line 109, col 61 of module MC_FenceDurability>
/\ acked = {1}
/\ writeStatus = <<"Acked", "Unused">>
/\ sharedHolders = (n1 :> {} @@ n2 :> {} @@ n3 :> {})

State 13: <FenceCrash line 88, col 5 to line 91, col 32 of module MC_FenceDurability>
/\ replicaFence = (n1 :> 1 @@ n2 :> 3 @@ n3 :> 0)
/\ crashCount = 1
/\ raftConnected = (n1 :> FALSE @@ n2 :> TRUE @@ n3 :> FALSE)
/\ alive = (n1 :> TRUE @@ n2 :> TRUE @@ n3 :> FALSE)

State 14: <FenceRestart line 94, col 5 to line 95, col 32 of module MC_FenceDurability>
/\ epoch = (n1 :> 0 @@ n2 :> 0 @@ n3 :> 1)
/\ raftConnected = (n1 :> FALSE @@ n2 :> TRUE @@ n3 :> TRUE)
/\ alive = (n1 :> TRUE @@ n2 :> TRUE @@ n3 :> TRUE)

State 15: <FenceDurabilityNext line 106, col 8 to line 109, col 61 of module MC_FenceDurability>
/\ pendingRaft = {}
/\ raftVoters = {n1, n2, n3}
/\ docValue = (n1 :> (d1 :> 2) @@ n2 :> (d1 :> 1) @@ n3 :> (d1 :> 1))
/\ sessionBumpSubmitted = (n1 :> FALSE @@ n2 :> FALSE @@ n3 :> FALSE)
/\ copyAllocation = (n1 :> 1 @@ n2 :> 1 @@ n3 :> 1)
/\ sessionHead = (n1 :> 0 @@ n2 :> 0 @@ n3 :> 0)
/\ admissionSafe = TRUE
/\ nextSeq = (n1 :> 1 @@ n2 :> 1 @@ n3 :> 1)
/\ writeKind = <<"Put", "Put">>
/\ writeEpoch = <<0, 0>>
/\ staleApplySafe = TRUE
/\ raftLeader = n2
/\ sessionSourceEpoch = (n1 :> 0 @@ n2 :> 0 @@ n3 :> 0)
/\ applied = (n1 :> 0 @@ n2 :> 2 @@ n3 :> 0)
/\ installMarker = (n1 :> FALSE @@ n2 :> FALSE @@ n3 :> FALSE)
/\ pendingTerm = (n1 :> 0 @@ n2 :> 0 @@ n3 :> 0)
/\ authoritativeWipeSafe = TRUE
/\ acked = {1}
/\ durableOps = (n1 :> {2} @@ n2 :> {1} @@ n3 :> {1})
/\ truncBelow = (n1 :> 0 @@ n2 :> 0 @@ n3 :> 0)
/\ routing = [ inSync |-> {n3},
  primary |-> n2,
  term |-> 3,
  allocations |-> (n1 :> 0 @@ n2 :> 1 @@ n3 :> 1),
  initialized |-> TRUE,
  replicas |-> {n3},
  unassigned |-> 1,
  members |-> {n1, n2, n3} ]
/\ faultsStopped = FALSE
/\ replicaFence = (n1 :> 1 @@ n2 :> 3 @@ n3 :> 0)
/\ pendingPrimary = (n1 :> "NO_NODE" @@ n2 :> "NO_NODE" @@ n3 :> "NO_NODE")
/\ writePrimary = <<n2, n1>>
/\ writeSeq = <<0, 0>>
/\ pendingAllocation = (n1 :> 0 @@ n2 :> 0 @@ n3 :> 0)
/\ pins = (n1 :> {} @@ n2 :> {} @@ n3 :> {})
/\ epoch = (n1 :> 0 @@ n2 :> 0 @@ n3 :> 1)
/\ copyUuid = (n1 :> "INDEX_UUID" @@ n2 :> "INDEX_UUID" @@ n3 :> "INDEX_UUID")
/\ exclusiveHolder = (n1 :> "NO_NODE" @@ n2 :> "NO_NODE" @@ n3 :> "NO_NODE")
/\ copyExists = (n1 :> TRUE @@ n2 :> TRUE @@ n3 :> TRUE)
/\ crashCount = 1
/\ partitionCount = 1
/\ sessionMarkSubmitted = (n1 :> FALSE @@ n2 :> FALSE @@ n3 :> FALSE)
/\ writeStatus = <<"Acked", "Replicating">>
/\ sessionSource = (n1 :> "NO_NODE" @@ n2 :> "NO_NODE" @@ n3 :> "NO_NODE")
/\ sessionBoundary = (n1 :> 0 @@ n2 :> 0 @@ n3 :> 0)
/\ termMonotonic = TRUE
/\ activated = (n1 :> 1 @@ n2 :> 3 @@ n3 :> 0)
/\ sessionSettlementRunning = (n1 :> FALSE @@ n2 :> FALSE @@ n3 :> FALSE)
/\ writeRequired = <<{n3}, {n3}>>
/\ sessionFetched = (n1 :> 0 @@ n2 :> 0 @@ n3 :> 0)
/\ raftConnected = (n1 :> FALSE @@ n2 :> TRUE @@ n3 :> TRUE)
/\ activationPending = (n1 :> 0 @@ n2 :> 0 @@ n3 :> 0)
/\ nextWrite = 3
/\ sessionAllocation = (n1 :> 0 @@ n2 :> 0 @@ n3 :> 0)
/\ sessionPhase = (n1 :> "None" @@ n2 :> "None" @@ n3 :> "None")
/\ recoveryAttempts = 0
/\ writeTarget = <<n2, n1>>
/\ committed = (n1 :> 0 @@ n2 :> 0 @@ n3 :> 0)
/\ failed = {}
/\ durableReplicaFence = (n1 :> 0 @@ n2 :> 0 @@ n3 :> 0)
/\ ops = (n1 :> {2} @@ n2 :> {1} @@ n3 :> {1})
/\ sessionSnapshot = (n1 :> {} @@ n2 :> {} @@ n3 :> {})
/\ writeTerm = <<3, 1>>
/\ sessionTerm = (n1 :> 0 @@ n2 :> 0 @@ n3 :> 0)
/\ activePrimaryApplySafe = TRUE
/\ promotionSafe = TRUE
/\ sessionFinalizePreparing = (n1 :> FALSE @@ n2 :> FALSE @@ n3 :> FALSE)
/\ sessionCursor = (n1 :> 0 @@ n2 :> 0 @@ n3 :> 0)
/\ writeDoc = <<d1, d1>>
/\ sharedHolders = (n1 :> {2} @@ n2 :> {} @@ n3 :> {})
/\ raftLog = << [ command |->
         [ kind |-> "UpdateRouting",
           expectedAllocation |-> 0,
           target |-> n1,
           actor |-> n2,
           newReplicas |-> {n3},
           newPrimary |-> n2,
           newUnassigned |-> 1,
           newAllocations |-> (n1 :> 0 @@ n2 :> 1 @@ n3 :> 1),
           expectedPrimary |-> "NO_NODE",
           expectedTerm |-> 0 ],
     state |->
         [ inSync |-> {n3},
           primary |-> n2,
           term |-> 2,
           allocations |-> (n1 :> 0 @@ n2 :> 1 @@ n3 :> 1),
           initialized |-> TRUE,
           replicas |-> {n3},
           unassigned |-> 1,
           members |-> {n1, n2, n3} ],
     accepted |-> TRUE ],
   [ command |->
         [ kind |-> "ActivatePrimary",
           expectedAllocation |-> 1,
           target |-> n2,
           actor |-> n2,
           newReplicas |-> {},
           newPrimary |-> n2,
           newUnassigned |-> 0,
           newAllocations |-> (n1 :> 0 @@ n2 :> 0 @@ n3 :> 0),
           expectedPrimary |-> n2,
           expectedTerm |-> 2 ],
     state |->
         [ inSync |-> {n3},
           primary |-> n2,
           term |-> 3,
           allocations |-> (n1 :> 0 @@ n2 :> 1 @@ n3 :> 1),
           initialized |-> TRUE,
           replicas |-> {n3},
           unassigned |-> 1,
           members |-> {n1, n2, n3} ],
     accepted |-> TRUE ] >>
/\ copyMode = (n1 :> "Active" @@ n2 :> "Active" @@ n3 :> "Active")
/\ messages = { [ term |-> 1,
    kind |-> "Replicate",
    write |-> 2,
    to |-> n3,
    from |-> n1,
    targetAllocation |-> 1,
    seq |-> 0,
    fromEpoch |-> 0,
    toEpoch |-> 1,
    indexUuid |-> "INDEX_UUID" ] }
/\ ackMembershipSafe = TRUE
/\ views = ( n1 :>
      [ inSync |-> {n2, n3},
        primary |-> n1,
        term |-> 1,
        allocations |-> (n1 :> 1 @@ n2 :> 1 @@ n3 :> 1),
        initialized |-> TRUE,
        replicas |-> {n2, n3},
        unassigned |-> 0,
        members |-> {n1, n2, n3} ] @@
  n2 :>
      [ inSync |-> {n3},
        primary |-> n2,
        term |-> 3,
        allocations |-> (n1 :> 0 @@ n2 :> 1 @@ n3 :> 1),
        initialized |-> TRUE,
        replicas |-> {n3},
        unassigned |-> 1,
        members |-> {n1, n2, n3} ] @@
  n3 :>
      [ inSync |-> {n2, n3},
        primary |-> n1,
        term |-> 1,
        allocations |-> (n1 :> 1 @@ n2 :> 1 @@ n3 :> 1),
        initialized |-> TRUE,
        replicas |-> {n2, n3},
        unassigned |-> 0,
        members |-> {n1, n2, n3} ] )
/\ alive = (n1 :> TRUE @@ n2 :> TRUE @@ n3 :> TRUE)
/\ diskLost = (n1 :> FALSE @@ n2 :> FALSE @@ n3 :> FALSE)
/\ lifecyclePhase = (n1 :> "RoutingProposed" @@ n2 :> "Idle" @@ n3 :> "Idle")
/\ writeWait = <<{}, {n3}>>

17 states generated, 17 distinct states found, 0 states left on queue.
The depth of the complete state graph search is 15.
The average outdegree of the complete state graph is 1 (minimum is 0, the maximum 2 and the 95th percentile is 2).
Finished in 01s at (2026-09-26 19:37:21)
